
 Start         Length     Name                   Class
 0001:00401000 00011A30H .text                   CODE
 0002:00413000 00000DE4H .itext                  ICODE
 0003:00414000 000026FCH .data                   DATA
 0004:00417000 00012E8CH .bss                    BSS
 0005:00000000 00000008H .tls                    TLS


Detailed map of segments

 0001:00000000 00004E39 C=CODE     S=.text    G=(none)   M=System   ACBP=A9
 0001:00004E3C 00000105 C=CODE     S=.text    G=(none)   M=SysInit  ACBP=A9
 0001:00004F44 00000280 C=CODE     S=.text    G=(none)   M=SysConst ACBP=A9
 0001:000051C4 000000FC C=CODE     S=.text    G=(none)   M=Windows  ACBP=A9
 0001:000052C0 0000370D C=CODE     S=.text    G=(none)   M=SysUtils ACBP=A9
 0001:000089D0 00000061 C=CODE     S=.text    G=(none)   M=dlib     ACBP=A9
 0001:00008A34 00000008 C=CODE     S=.text    G=(none)   M=yacclib  ACBP=A9
 0001:00008A3C 000002D2 C=CODE     S=.text    G=(none)   M=yaccmsgs ACBP=A9
 0001:00008D10 00000CE0 C=CODE     S=.text    G=(none)   M=yaccbase ACBP=A9
 0001:000099F0 00000F8A C=CODE     S=.text    G=(none)   M=yacctabl ACBP=A9
 0001:0000A97C 000002CA C=CODE     S=.text    G=(none)   M=yaccclos ACBP=A9
 0001:0000AC48 00000236 C=CODE     S=.text    G=(none)   M=yacclr0  ACBP=A9
 0001:0000AE80 00000777 C=CODE     S=.text    G=(none)   M=yacclook ACBP=A9
 0001:0000B5F8 00002008 C=CODE     S=.text    G=(none)   M=yaccpars ACBP=A9
 0001:0000D600 00001756 C=CODE     S=.text    G=(none)   M=yaccsem  ACBP=A9
 0001:0000ED58 00002CD8 C=CODE     S=.text    G=(none)   M=dyacc    ACBP=A9
 0002:00000000 00000095 C=ICODE    S=.itext   G=(none)   M=System   ACBP=A9
 0002:00000098 00000011 C=ICODE    S=.itext   G=(none)   M=Windows  ACBP=A9
 0002:000000AC 00000088 C=ICODE    S=.itext   G=(none)   M=SysUtils ACBP=A9
 0002:00000134 00000018 C=ICODE    S=.itext   G=(none)   M=yaccmsgs ACBP=A9
 0002:0000014C 00000008 C=ICODE    S=.itext   G=(none)   M=yaccbase ACBP=A9
 0002:00000154 00000218 C=ICODE    S=.itext   G=(none)   M=yacctabl ACBP=A9
 0002:0000036C 00000011 C=ICODE    S=.itext   G=(none)   M=yaccsem  ACBP=A9
 0002:00000380 00000A64 C=ICODE    S=.itext   G=(none)   M=dyacc    ACBP=A9
 0003:00000000 000007A0 C=DATA     S=.data    G=DGROUP   M=System   ACBP=A9
 0003:000007A0 00000020 C=DATA     S=.data    G=DGROUP   M=SysInit  ACBP=A9
 0003:000007C0 000001EC C=DATA     S=.data    G=DGROUP   M=SysUtils ACBP=A9
 0003:000009AC 00000001 C=DATA     S=.data    G=DGROUP   M=yaccsem  ACBP=A9
 0003:000009B0 00001B04 C=DATA     S=.data    G=DGROUP   M=dyacc    ACBP=A9
 0004:00000000 000027EC C=BSS      S=.bss     G=DGROUP   M=System   ACBP=A9
 0004:000027EC 0000000C C=BSS      S=.bss     G=DGROUP   M=SysInit  ACBP=A9
 0004:000027F8 00000008 C=BSS      S=.bss     G=DGROUP   M=Windows  ACBP=A9
 0004:00002800 00002108 C=BSS      S=.bss     G=DGROUP   M=SysUtils ACBP=A9
 0004:00004908 00000010 C=BSS      S=.bss     G=DGROUP   M=yacclib  ACBP=A9
 0004:00004918 0000000C C=BSS      S=.bss     G=DGROUP   M=yaccmsgs ACBP=A9
 0004:00004924 0000075C C=BSS      S=.bss     G=DGROUP   M=yaccbase ACBP=A9
 0004:00005080 00000504 C=BSS      S=.bss     G=DGROUP   M=yacctabl ACBP=A9
 0004:00005584 00007688 C=BSS      S=.bss     G=DGROUP   M=yacclook ACBP=A9
 0004:0000CC0C 00006160 C=BSS      S=.bss     G=DGROUP   M=yaccpars ACBP=A9
 0004:00012D6C 00000119 C=BSS      S=.bss     G=DGROUP   M=yaccsem  ACBP=A9
 0004:00012E88 00000004 C=BSS      S=.bss     G=DGROUP   M=dyacc    ACBP=A9
 0005:00000000 00000008 C=TLS      S=.tls     G=(none)   M=System   ACBP=A9


  Address             Publics by Name

 0001:000089D0       dlib..TLexerParserBase
 0001:0000ED58       dyacc..TLexer
 0001:0000EDB0       dyacc..TParser
 0002:00000380       dyacc.dyacc
 0001:0001055C       dyacc.end_of_input
 0001:00011970       dyacc.Finalization
 0003:00002418       dyacc.keys
 0001:00011264       dyacc.lookup
 0001:00011858       dyacc.openCodFile
 0001:000106FC       dyacc.scan
 0001:000116C4       dyacc.scan_char
 0001:00010594       dyacc.scan_comment
 0001:0001083C       dyacc.scan_ident
 0001:00011354       dyacc.scan_keyword
 0001:00010A80       dyacc.scan_literal
 0001:000110CC       dyacc.scan_num
 0001:000116FC       dyacc.TLexer.parse
 0003:00002484       dyacc.toks
 0001:000101F8       dyacc.TParser.parse
 0003:000009B0       dyacc.yya
 0001:000100F0       dyacc.yyact
 0001:0000EE08       dyacc.yyaction
 0003:00001AA0       dyacc.yyah
 0003:00001890       dyacc.yyal
 0003:00001680       dyacc.yyd
 0003:000011E0       dyacc.yyg
 0003:00001EC0       dyacc.yygh
 0003:00001CB0       dyacc.yygl
 0001:00010174       dyacc.yygoto
 0004:00012E88       dyacc.yylval
 0003:000020D0       dyacc.yyr
 0001:00004EB4       SysInit.@GetTls
 0001:00004F00       SysInit.@InitExe
 0001:00004E5C       SysInit.AllocTlsBuffer
 0001:00004E3C       SysInit.GetModuleHandle
 0001:00004E68       SysInit.GetTlsSize
 0004:000027F0       SysInit.HInstance
 0001:00004EF4       SysInit.InitializeModule
 0001:00004E70       SysInit.InitThreadTLS
 0001:00004E44       SysInit.LocalAlloc
 0003:000007A8       SysInit.Module
 0004:000027ED       SysInit.ModuleIsCpp
 0004:000027EC       SysInit.ModuleIsLib
 0003:000007A4       SysInit.PtrToNil
 0004:000027F4       SysInit.tlsBuffer
 0001:00004E4C       SysInit.TlsGetValue
 0003:000007A0       SysInit.TlsIndex
 0005:00000008       SysInit.TlsLast
 0001:00004E54       SysInit.TlsSetValue
 0004:000005B0       System..6
 0001:0000000C       System..TObject
 0001:0000214C       System.@AbstractError
 0001:00003438       System.@AfterConstruction
 0001:00002430       System.@Assign
 0001:0000262C       System.@AStrCmp
 0001:00003488       System.@BeforeDestruction
 0001:0000322C       System.@BoundErr
 0001:000033E0       System.@ClassCreate
 0001:00003430       System.@ClassDestroy
 0001:000024F8       System.@Close
 0001:000029C4       System.@CloseFile
 0001:00001E20       System.@Copy
 0001:000046B8       System.@DispCallByIDError
 0001:000046A8       System.@Dispose
 0001:00003810       System.@DoneExcept
 0001:000046F4       System.@DynArrayClear
 0001:000046EC       System.@DynArrayHigh
 0001:000046E4       System.@DynArrayLength
 0001:0000269C       System.@EofText
 0001:000026D4       System.@Erase
 0001:000038E0       System.@ExceptionHandler
 0001:0000270C       System.@FileSize
 0001:00002758       System.@FillChar
 0001:00004688       System.@Finalize
 0001:0000459C       System.@FinalizeArray
 0001:00004550       System.@FinalizeRecord
 0001:000024EC       System.@Flush
 0001:00003220       System.@FpuInit
 0001:0000315C       System.@FpuMaskInit
 0001:00001CD8       System.@FreeMem
 0001:00001CBC       System.@GetMem
 0001:00003D1C       System.@Halt
 0001:00003C40       System.@Halt0
 0001:00003588       System.@HandleAnyException
 0001:000036B4       System.@HandleFinally
 0001:0000375C       System.@HandleFinallyInternal
 0001:00004544       System.@Initialize
 0001:000044B0       System.@InitializeArray
 0001:00004480       System.@InitializeRecord
 0001:00003AFC       System.@InitImports
 0001:00003AD4       System.@InitResStringImports
 0001:00004D64       System.@IntfClear
 0001:00003234       System.@IntOver
 0001:0000333C       System.@IsClass
 0001:0000312C       System.@isNECWindows
 0001:00004198       System.@LStrAddRef
 0001:00003D58       System.@LStrArrayClr
 0001:00003D88       System.@LStrAsg
 0001:00003FE4       System.@LStrCat
 0001:00004030       System.@LStrCat3
 0001:000040AC       System.@LStrCatN
 0001:00003D34       System.@LStrClr
 0001:00004140       System.@LStrCmp
 0001:00004208       System.@LStrCopy
 0001:00003F88       System.@LStrFromArray
 0001:00003F00       System.@LStrFromChar
 0001:00003F10       System.@LStrFromPChar
 0001:00003E24       System.@LStrFromPCharLen
 0001:00003F40       System.@LStrFromPWChar
 0001:00003E74       System.@LStrFromPWCharLen
 0001:00003F7C       System.@LStrFromString
 0001:00003FA0       System.@LStrFromWStr
 0001:00003DCC       System.@LStrLAsg
 0001:00003FD8       System.@LStrLen
 0001:0000438C       System.@LStrSetLength
 0001:000041A8       System.@LStrToPChar
 0001:00003FB4       System.@LStrToString
 0001:00004694       System.@New
 0001:00003DF8       System.@NewAnsiString
 0001:00002E40       System.@Pow10
 0001:000025A8       System.@PStrCmp
 0001:00002580       System.@PStrCpy
 0001:00002550       System.@PStrNCat
 0001:0000258C       System.@PStrNCpy
 0001:000037BC       System.@RaiseAgain
 0001:00003794       System.@RaiseExcept
 0001:00002830       System.@ReadChar
 0001:00002994       System.@ReadLn
 0001:00002928       System.@ReadLString
 0001:0000291C       System.@ReadString
 0001:00001CF0       System.@ReallocMem
 0001:00002ACC       System.@ResetFile
 0001:000021C0       System.@ResetText
 0001:000021CC       System.@RewritText
 0001:00003D28       System.@RunError
 0001:00003A94       System.@StartExe
 0001:00002B48       System.@Str0Long
 0001:00000150       System.@strlen
 0001:00002AE8       System.@StrLong
 0001:00004200       System.@UniqueStringA
 0001:00002B54       System.@ValLong
 0001:00004584       System.@VarClr
 0001:00002D3C       System.@Write0Char
 0001:00002DB8       System.@Write0Long
 0001:0000441C       System.@Write0LString
 0001:00002DC0       System.@Write0String
 0001:00002C6C       System.@WriteBytes
 0001:00002DF0       System.@WriteLn
 0001:00002D78       System.@WriteLong
 0001:00004424       System.@WriteLString
 0001:00002CC0       System.@WriteSpaces
 0001:00002DCC       System.@WriteString
 0001:0000445C       System.@WStrArrayClr
 0001:00004444       System.@WStrClr
 0001:00001DE4       System.@_IOTest
 0001:000046C0       System.@_llmul
 0004:00000028       System.AbstractErrorProc
 0001:00004C04       System.AddModuleUnloadProc
 0001:0000058C       System.AllocateLargeBlock
 0001:000004CC       System.AllocNewSequentialFeedMediumPool
 0004:000005B8       System.AllocSize2SmallBlockTypeIndX4
 0001:00001260       System.AppendStringToBuffer
 0004:00000020       System.AssertErrorProc
 0001:00000460       System.BinMediumSequentialFeedRemainder
 0001:00001A6C       System.BuildBlockTypeLookupTable
 0001:00001144       System.CardinalToStrBuf
 0001:00003E54       System.CharFromWChar
 0001:000000C8       System.CharNext
 0001:00003504       System.CheckJmp
 0001:000014A8       System.CheckSmallBlockPoolForLeaks
 0001:00000060       System.CloseHandle
 0004:0000003C       System.CmdLine
 0004:00000038       System.CmdShow
 0003:00000030       System.Copyright
 0001:00000068       System.CreateFileA
 0003:00000018       System.DebugHook
 0003:00000014       System.Default8087CW
 0004:000005B4       System.DefaultSystemCodePage
 0003:00000024       System.DefaultTextLineBreakStyle
 0001:00004730       System.DelayLoadResourceModule
 0001:00000070       System.DeleteFileA
 0001:000001CC       System.DestroyWindow
 0003:00000790       System.dig
 0004:00000000       System.DispCallByIDProc
 0003:00000768       System.errCaption
 0001:00001DD8       System.Error
 0003:00000004       System.ErrorAddr
 0001:00001D8C       System.ErrorAt
 0004:00000008       System.ErrorProc
 0004:000003E0       System.ErrOutput
 0001:00001D60       System.ExceptAddr
 0004:0000000C       System.ExceptClsProc
 0004:0000001C       System.ExceptionClass
 0001:00001D40       System.ExceptObject
 0004:00000010       System.ExceptObjProc
 0004:00000004       System.ExceptProc
 0003:00000000       System.ExitCode
 0001:00003B84       System.ExitDll
 0004:00000040       System.ExitProc
 0001:000000D0       System.ExitProcess
 0004:00000024       System.ExitProcessProc
 0004:000027B4       System.ExpectedMemoryLeaks
 0004:000027B8       System.ExpectedMemoryLeaksListLocked
 0003:00000008       System.FileMode
 0001:00002214       System.FileNOPProc
 0001:00004DDC       System.Finalization
 0001:00001C68       System.FinalizeMemoryManager
 0001:000039C8       System.FinalizeUnits
 0001:000047B0       System.FindBS
 0001:000000E0       System.FindClose
 0001:000000E8       System.FindFirstFile
 0001:00004778       System.FindResourceHInstance
 0001:000024E0       System.Flush
 0001:00002E38       System.FPower10
 0001:00001BD8       System.FreeAllMemory
 0001:000005F0       System.FreeLargeBlock
 0001:000000F0       System.FreeLibrary
 0001:00004DD4       System.GetACP
 0001:00000190       System.GetCmdShow
 0001:000000F8       System.GetCommandLine
 0001:00000188       System.GetCurrentThreadId
 0001:00003360       System.GetDynaMethod
 0001:00000080       System.GetFileSize
 0001:00000078       System.GetFileType
 0001:00001108       System.GetFirstAndLastSmallBlockInPool
 0001:000010C8       System.GetFirstMediumBlockInPool
 0001:00003124       System.GetKeyboardType
 0001:00000100       System.GetLastError
 0001:00000108       System.GetLocaleInfo
 0001:00000110       System.GetModuleFileName
 0001:00000118       System.GetModuleHandle
 0001:00001374       System.GetObjectClass
 0001:00001F84       System.GetParamStr
 0001:00000120       System.GetProcAddress
 0001:00000128       System.GetStartupInfo
 0001:00000088       System.GetStdHandle
 0001:00000130       System.GetThreadLocale
 0004:000027C0       System.InitContext
 0001:00001AB0       System.InitializeMemoryManager
 0001:00003A2C       System.InitUnits
 0001:00001E14       System.InOutError
 0005:00000004       System.InOutRes
 0004:00000048       System.Input
 0001:00000400       System.InsertMediumBlockIntoBin
 0001:00002254       System.InternalClose
 0001:00002498       System.InternalFlush
 0001:000012F4       System.InternalIsValidClass
 0001:000041BC       System.InternalUniqueString
 0001:00001E64       System.IOResult
 0004:00000044       System.IsConsole
 0004:00000034       System.IsLibrary
 0004:00000045       System.IsMultiThread
 0001:00001278       System.IsValidVMTAddress
 0003:0000001C       System.JITEnable
 0004:000027A4       System.LargeBlocksCircularList
 0004:000027A0       System.LargeBlocksLocked
 0004:00000714       System.LastSequentiallyFedMediumBlock
 0003:00000028       System.LibModuleList
 0001:00000138       System.LoadLibraryEx
 0001:00004994       System.LoadResourceModule
 0001:00004D7C       System.LoadResString
 0001:00000140       System.LoadString
 0001:00000234       System.LockCmpxchg
 0001:0000139C       System.LockExpectedMemoryLeaksList
 0001:00000544       System.LockLargeBlocks
 0001:00000148       System.lstrcpyn
 0004:0000002C       System.MainInstance
 0004:00000030       System.MainThreadID
 0001:00003B20       System.MakeErrorMessage
 0001:00003840       System.MapToRunError
 0004:00000720       System.MediumBlockBinBitmaps
 0004:0000071C       System.MediumBlockBinGroupBitmap
 0004:000007A0       System.MediumBlockBins
 0004:00000700       System.MediumBlockPoolsCircularList
 0004:00000710       System.MediumBlocksLocked
 0004:00000718       System.MediumSequentialFeedBytesLeft
 0003:00000714       System.MemoryManager
 0001:000000D8       System.MessageBox
 0004:000006FE       System.MinimumBlockAlignment
 0004:000027BC       System.MMSharingWindow
 0003:0000002C       System.ModuleUnloadList
 0001:00001E84       System.Move
 0001:0000023C       System.Move12
 0001:00000250       System.Move20
 0001:00000270       System.Move28
 0001:0000029C       System.Move36
 0001:000002BC       System.Move44
 0001:000002E0       System.Move52
 0001:0000030C       System.Move60
 0001:0000033C       System.Move68
 0001:00000374       System.MoveX16L4
 0001:000003A4       System.MoveX8L4
 0004:000005AD       System.NeverSleepOnMMThreadContention
 0001:000010A4       System.NextMediumBlock
 0003:00000020       System.NoErrMsg
 0001:000034F0       System.NotifyAnyExcept
 0001:000034D8       System.NotifyExcept
 0001:00003524       System.NotifyExceptFinally
 0001:00004C88       System.NotifyModuleUnload
 0001:000034B4       System.NotifyNonDelphiException
 0001:00003498       System.NotifyReRaise
 0001:0000354C       System.NotifyTerminate
 0001:00003568       System.NotifyUnhandled
 0001:000029EC       System.OpenFile
 0001:00002168       System.OpenText
 0004:00000214       System.Output
 0001:00002080       System.ParamCount
 0001:000020E0       System.ParamStr
 0001:00004248       System.Pos
 0001:00000090       System.RaiseException
 0004:00000014       System.RaiseExceptionProc
 0005:00000000       System.RaiseListPtr
 0001:00000098       System.ReadFile
 0001:0000289C       System.ReadLine
 0001:00000694       System.ReallocateLargeBlock
 0001:00000158       System.RegCloseKey
 0001:00004CE4       System.RegisterModule
 0001:00000160       System.RegOpenKeyEx
 0001:00000168       System.RegQueryValueEx
 0003:0000072C       System.reMap
 0001:000003C0       System.RemoveMediumFreeBlock
 0001:00004C24       System.RemoveModuleUnloadProc
 0004:000005AC       System.ReportMemoryLeaksOnShutdown
 0001:000000A0       System.RtlUnwind
 0004:00000018       System.RTLUnwindProc
 0003:00000770       System.runErrMsg
 0001:00001D80       System.RunErrorAt
 0001:000015F4       System.ScanForMemoryLeaks
 0001:000000A8       System.SetEndOfFile
 0001:00003980       System.SetExceptionHandler
 0001:000000B0       System.SetFilePointer
 0001:00001E04       System.SetInOutRes
 0003:00000748       System.ShareTab
 0001:000001C4       System.Sleep
 0003:00000034       System.SmallBlockTypes
 0001:000043F0       System.StringOfChar
 0001:00001074       System.SysAllocMem
 0001:00000B64       System.SysFreeMem
 0001:00000180       System.SysFreeString
 0001:000007E0       System.SysGetMem
 0001:00000D5C       System.SysReallocMem
 0001:00001410       System.SysRegisterExpectedMemoryLeak
 0002:00000000       System.System
 0001:00001450       System.SysUnregisterExpectedMemoryLeak
 0004:00000046       System.Test8086
 0001:00002264       System.TextClose
 0001:000021D8       System.TextIn
 0001:00002284       System.TextOpen
 0001:00002218       System.TextOut
 0001:000033B0       System.TObject.AfterConstruction
 0001:000033B4       System.TObject.BeforeDestruction
 0001:0000323C       System.TObject.ClassName
 0001:0000331C       System.TObject.CleanupInstance
 0001:00003288       System.TObject.Create
 0001:000033AC       System.TObject.DefaultHandler
 0001:000032A8       System.TObject.Destroy
 0001:000033B8       System.TObject.Dispatch
 0001:000032B8       System.TObject.Free
 0001:0000326C       System.TObject.FreeInstance
 0001:00003390       System.TObject.InheritsFrom
 0001:000032C4       System.TObject.InitInstance
 0001:00003280       System.TObject.InstanceSize
 0001:00003250       System.TObject.NewInstance
 0001:000033A4       System.TObject.SafeCallException
 0001:000047D0       System.ToLongPath
 0001:000027F4       System.TryOpenForInput
 0001:00002C28       System.TryOpenForOutput
 0001:000000B8       System.UnhandledExceptionFilter
 0001:00004CF4       System.UnregisterModule
 0001:000039A0       System.UnsetExceptionHandler
 0001:00002140       System.UpCase
 0003:0000000C       System.VarClearProc
 0003:00000010       System.VarToLStrProc
 0001:000001B4       System.VirtualAlloc
 0001:000001BC       System.VirtualFree
 0001:00000178       System.VirtualQuery
 0001:00000170       System.WideCharToMultiByte
 0001:00003BB4       System.WriteErrorMessage
 0001:000000C0       System.WriteFile
 0004:00002910       SysUtils..35
 0001:00005B48       SysUtils..EAbstractError
 0001:00005920       SysUtils..EAccessViolation
 0001:00005AE8       SysUtils..EAssertionFailed
 0001:00005A34       SysUtils..EControlC
 0001:000058C4       SysUtils..EConvertError
 0001:00005548       SysUtils..EDivByZero
 0001:00005438       SysUtils..EExternal
 0001:00005490       SysUtils..EExternalException
 0001:00005328       SysUtils..EHeapException
 0001:000053E0       SysUtils..EInOutError
 0001:000054F0       SysUtils..EIntError
 0001:00005BA4       SysUtils..EIntfCastError
 0001:000055F8       SysUtils..EIntOverflow
 0001:00005868       SysUtils..EInvalidCast
 0001:000056AC       SysUtils..EInvalidOp
 0001:0000580C       SysUtils..EInvalidPointer
 0001:00005654       SysUtils..EMathError
 0001:00005384       SysUtils..EOutOfMemory
 0001:0000575C       SysUtils..EOverflow
 0001:00005980       SysUtils..EPrivilege
 0001:000055A0       SysUtils..ERangeError
 0001:00005C00       SysUtils..ESafecallException
 0001:000059D8       SysUtils..EStackOverflow
 0001:000057B4       SysUtils..EUnderflow
 0001:00005A8C       SysUtils..EVariantError
 0001:000052C0       SysUtils..Exception
 0001:00005704       SysUtils..EZeroDivide
 0001:00007814       SysUtils.AbstractErrorHandler
 0001:00005D08       SysUtils.AnsiQuotedStr
 0001:00007E10       SysUtils.AnsiStrRScan
 0001:00007E44       SysUtils.AnsiStrScan
 0001:000077F8       SysUtils.AssertErrorHandler
 0001:00006124       SysUtils.BackfillGetDiskFreeSpaceEx
 0001:00007D7C       SysUtils.ByteType
 0001:00007D08       SysUtils.ByteTypeTest
 0001:00007DD8       SysUtils.CharLength
 0001:00008540       SysUtils.ClearHashTables
 0001:00007258       SysUtils.ConvertAddr
 0001:00005CB4       SysUtils.ConvertErrorFmt
 0001:0000773C       SysUtils.CreateAssertException
 0001:000078C4       SysUtils.CreateAVObject
 0001:0000766C       SysUtils.CreateInOutError
 0003:00000808       SysUtils.cSimpleBoolStrs
 0004:00002808       SysUtils.CurrencyDecimals
 0004:00002804       SysUtils.CurrencyFormat
 0004:00002800       SysUtils.CurrencyString
 0001:00005E38       SysUtils.CvtInt
 0001:00005EA4       SysUtils.CvtInt64
 0004:00002809       SysUtils.DateSeparator
 0003:00000824       SysUtils.DCon10
 0004:00002807       SysUtils.DecimalSeparator
 0003:000008A4       SysUtils.DefLongDayNames
 0003:00000858       SysUtils.DefLongMonthNames
 0003:00000888       SysUtils.DefShortDayNames
 0003:00000828       SysUtils.DefShortMonthNames
 0001:00007BEC       SysUtils.DoneExceptions
 0001:00007640       SysUtils.EHeapException.FreeInstance
 0003:000007C0       SysUtils.EmptyStr
 0003:000007C8       SysUtils.EmptyWideStr
 0001:00006EC4       SysUtils.EnumEraNames
 0001:00006F00       SysUtils.EnumEraYearOffsets
 0004:000028D0       SysUtils.EraNames
 0004:000028EC       SysUtils.EraYearOffsets
 0001:000076EC       SysUtils.ErrorHandler
 0003:000008C0       SysUtils.ErrorMap
 0001:00007B58       SysUtils.ExceptHandler
 0001:000074B4       SysUtils.Exception.Create
 0001:000074F0       SysUtils.Exception.CreateFmt
 0001:00007570       SysUtils.Exception.CreateRes
 0001:000075AC       SysUtils.Exception.CreateResFmt
 0001:00007264       SysUtils.ExceptionErrorMessage
 0003:000008F8       SysUtils.ExceptMap
 0001:00005FA0       SysUtils.ExistsLockedOrShared
 0001:000060EC       SysUtils.ExtractFileName
 0001:000060B8       SysUtils.ExtractFilePath
 0004:0000290C       SysUtils.FalseBoolStrs
 0003:00000818       SysUtils.FCon1E18
 0001:00005FE0       SysUtils.FileExists
 0001:00006028       SysUtils.FileGetAttr
 0001:0000603C       SysUtils.FileSetAttr
 0001:00008840       SysUtils.Finalization
 0004:00004904       SysUtils.FLanguages
 0001:00006AC0       SysUtils.FloatToDecimal
 0001:000067EC       SysUtils.FloatToText
 0001:000066CC       SysUtils.FmtStr
 0001:000066B8       SysUtils.Format
 0001:00006300       SysUtils.FormatBuf
 0001:000062F4       SysUtils.FormatClearStr
 0001:00006278       SysUtils.FormatError
 0003:00000810       SysUtils.FormatErrorStrs
 0001:000062D0       SysUtils.FormatVarToStr
 0001:00008530       SysUtils.FreeAndNil
 0001:000084B0       SysUtils.FreeTerminateProcs
 0003:00000804       SysUtils.GetDiskFreeSpaceEx
 0001:00006F78       SysUtils.GetEraNamesAndYearOffsets
 0001:000078AC       SysUtils.GetExceptionClass
 0001:00007A90       SysUtils.GetExceptionObject
 0001:00007FA4       SysUtils.GetFormatSettings
 0001:00006D38       SysUtils.GetLocaleChar
 0001:00006CEC       SysUtils.GetLocaleStr
 0001:00006DA0       SysUtils.GetMonthDayNames
 0001:00008370       SysUtils.HashName
 0003:00000800       SysUtils.HexDisplayPrefix
 0001:000084D4       SysUtils.InitDriveSpacePtr
 0001:00007B68       SysUtils.InitExceptions
 0001:00007E84       SysUtils.InitLeadBytes
 0001:00007C98       SysUtils.InitPlatformId
 0001:00007EE0       SysUtils.InitSysLocale
 0001:00005E84       SysUtils.IntToStr
 0004:00002918       SysUtils.InvalidPointer
 0001:00006064       SysUtils.LastDelimiter
 0003:000007E0       SysUtils.LeadBytes
 0004:000028CE       SysUtils.ListSeparator
 0001:00006D64       SysUtils.LocalGetLocaleStr
 0004:00002810       SysUtils.LongDateFormat
 0004:000028A4       SysUtils.LongDayNames
 0004:00002858       SysUtils.LongMonthNames
 0004:00002824       SysUtils.LongTimeFormat
 0001:0000782C       SysUtils.MapException
 0001:00008398       SysUtils.ModuleUnloaded
 0004:00002805       SysUtils.NegCurrFormat
 0001:00005CD8       SysUtils.NewStr
 0003:000007C4       SysUtils.NullStr
 0004:00002914       SysUtils.OutOfMemory
 0001:000067A8       SysUtils.PutExponent
 0001:000077E8       SysUtils.RaiseAssertException
 0004:0000280C       SysUtils.ShortDateFormat
 0004:00002888       SysUtils.ShortDayNames
 0004:00002828       SysUtils.ShortMonthNames
 0004:00002820       SysUtils.ShortTimeFormat
 0001:000073EC       SysUtils.ShowException
 0001:00007DA0       SysUtils.StrByteType
 0001:00007DB8       SysUtils.StrCharLength
 0001:000061C8       SysUtils.StrEnd
 0001:000061EC       SysUtils.StrLCopy
 0001:00006198       SysUtils.StrLen
 0001:00006678       SysUtils.StrLFmt
 0001:00006220       SysUtils.StrLIComp
 0001:000061DC       SysUtils.StrMove
 0001:00006264       SysUtils.StrScan
 0001:00005F70       SysUtils.StrToIntDef
 0004:000028C0       SysUtils.SysLocale
 0002:000000AC       SysUtils.SysUtils
 0003:000009A8       SysUtils.TerminateProcList
 0004:00002806       SysUtils.ThousandSeparator
 0004:00002818       SysUtils.TimeAMString
 0004:0000281C       SysUtils.TimePMString
 0004:00002814       SysUtils.TimeSeparator
 0001:00007028       SysUtils.TranslateDateFormat
 0004:00002908       SysUtils.TrueBoolStrs
 0004:00003910       SysUtils.UnitHashBuckets
 0004:0000291C       SysUtils.ValidatedUnitHashBuckets
 0003:000007D8       SysUtils.Win32BuildNumber
 0003:000007DC       SysUtils.Win32CSDVersion
 0003:000007D0       SysUtils.Win32MajorVersion
 0003:000007D4       SysUtils.Win32MinorVersion
 0003:000007CC       SysUtils.Win32Platform
 0004:000027F8       Windows..3
 0001:00005254       Windows.CharNext
 0001:0000525C       Windows.CharToOemA
 0001:000051C4       Windows.EnumCalendarInfoA
 0001:0000527C       Windows.Finalization
 0001:000051CC       Windows.FindClose
 0001:000051D4       Windows.FindFirstFile
 0001:000051DC       Windows.FreeLibrary
 0001:000051E4       Windows.GetCPInfo
 0001:000051EC       Windows.GetDiskFreeSpaceA
 0001:000051F4       Windows.GetFileAttributes
 0001:000051FC       Windows.GetLastError
 0001:00005204       Windows.GetLocaleInfo
 0001:0000520C       Windows.GetModuleFileName
 0001:00005214       Windows.GetModuleHandle
 0001:0000521C       Windows.GetProcAddress
 0001:00005224       Windows.GetStdHandle
 0001:00005264       Windows.GetSystemMetrics
 0001:0000522C       Windows.GetThreadLocale
 0001:00005234       Windows.GetVersionEx
 0004:000027FC       Windows.HtmlHelpModule
 0001:0000526C       Windows.LoadString
 0001:00005274       Windows.MessageBox
 0001:0000523C       Windows.SetFileAttributes
 0001:00005244       Windows.VirtualQuery
 0002:00000098       Windows.Windows
 0001:0000524C       Windows.WriteFile
 0004:0000507C       yaccbase..1
 0001:000094F4       yaccbase.addExt
 0001:00009378       yaccbase.blankStr
 0001:000096C8       yaccbase.charStr
 0004:00005070       yaccbase.cno
 0004:00004930       yaccbase.codfilename
 0004:00004934       yaccbase.codfilepath
 0001:00008D5C       yaccbase.empty
 0001:00008E34       yaccbase.exclude
 0001:000095A0       yaccbase.file_size
 0001:00009984       yaccbase.Finalization
 0001:00009150       yaccbase.hash
 0001:00008D70       yaccbase.include
 0001:000093FC       yaccbase.intStr
 0001:000091F0       yaccbase.key
 0004:00005068       yaccbase.line
 0004:0000506C       yaccbase.lno
 0004:0000492C       yaccbase.lstfilename
 0001:00009034       yaccbase.member
 0001:00009084       yaccbase.newEmptyIntSet
 0001:000091C4       yaccbase.newPos
 0001:00008D10       yaccbase.newStr
 0001:0000963C       yaccbase.octStr
 0004:00004928       yaccbase.pasfilename
 0001:00009138       yaccbase.quicksort
 0001:00009468       yaccbase.root
 0001:00008FC4       yaccbase.setminus
 0001:00008E9C       yaccbase.setunion
 0001:0000989C       yaccbase.singleQuoteStr
 0001:00008D64       yaccbase.singleton
 0001:00009030       yaccbase.size
 0001:00009094       yaccbase.sort
 0004:00005074       yaccbase.tokleng
 0001:000092F0       yaccbase.upper
 0002:0000014C       yaccbase.yaccbase
 0004:00004924       yaccbase.yfilename
 0004:00004E9C       yaccbase.yycod
 0004:00005078       yaccbase.yycodlno
 0004:00004938       yaccbase.yyin
 0004:00004CD0       yaccbase.yylst
 0004:00004B04       yaccbase.yyout
 0001:0000A97C       yaccclos.closures
 0001:0000AAD4       yaccclos.first_sets
 0004:00004908       yacclib.yychar
 0004:00004914       yacclib.yyerrflag
 0001:00008A34       yacclib.yyerrok
 0004:00004910       yacclib.yyflag
 0004:0000490C       yacclib.yynerrs
 0001:0000B26C       yacclook.add_prop
 0001:0000AEA8       yacclook.compute_first_syms
 0001:0000B29C       yacclook.Initialize
 0001:0000AF84       yacclook.init_lookaheads
 0004:00005584       yacclook.item_set
 0001:0000B5EC       yacclook.lookaheads
 0004:00005A08       yacclook.lookahead_set
 0004:0000CC08       yacclook.n_kernel_items
 0001:0000B028       yacclook.propagate
 0001:0000B574       yacclook.propagate
 0001:0000B1C4       yacclook.redns_less
 0001:0000B1E0       yacclook.redns_swap
 0001:0000B238       yacclook.sort_redns
 0001:0000B0D8       yacclook.spontaneous_lookaheads
 0001:0000AE80       yacclook.sym_count
 0001:0000ACF0       yacclr0.add_next_links
 0001:0000AC48       yacclr0.get_syms
 0001:0000ADBC       yacclr0.LR0Set
 0001:0000AC98       yacclr0.make_state
 0004:00004920       yaccmsgs..1
 0001:00008B48       yaccmsgs.error
 0004:00004918       yaccmsgs.errors
 0001:00008C34       yaccmsgs.fatal
 0001:00008CE0       yaccmsgs.Finalization
 0001:00008A3C       yaccmsgs.position
 0004:0000491C       yaccmsgs.warnings
 0002:00000134       yaccmsgs.yaccmsgs
 0001:0000B7F8       yaccpars.build
 0001:0000C444       yaccpars.counters
 0001:0000B6C4       yaccpars.itemStr
 0004:0000CC14       yaccpars.never_reduced
 0001:0000D5F0       yaccpars.parse_table
 0004:0000CC18       yaccpars.reduced
 0004:0000CC10       yaccpars.reduce_reduce
 0001:0000B5F8       yaccpars.ruleStr
 0004:0000CC0C       yaccpars.shift_reduce
 0001:0000C5A0       yaccpars.tables
 0004:0000F52C       yaccpars.yyah
 0004:0000E26C       yaccpars.yyal
 0004:0000CFAC       yaccpars.yyd
 0004:00011AAC       yaccpars.yygh
 0004:000107EC       yaccpars.yygl
 0004:0000CFA0       yaccpars.yynacts
 0004:0000CFA4       yaccpars.yyngotos
 0004:0000CFA8       yaccpars.yynstates
 0004:00012D74       yaccsem..1
 0001:0000D66C       yaccsem.act_char
 0004:00012D6C       yaccsem.act_prec
 0004:00012D78       yaccsem.act_rule
 0004:00012D70       yaccsem.act_type
 0001:0000EB50       yaccsem.add_action
 0001:0000E8F8       yaccsem.add_rule_action
 0001:0000EB68       yaccsem.add_rule_prec
 0001:0000EACC       yaccsem.add_symbol
 0001:0000E3AC       yaccsem.copy_action
 0001:0000DDE8       yaccsem.copy_code
 0001:0000E6D0       yaccsem.copy_rest_of_file
 0001:0000E57C       yaccsem.copy_single_action
 0001:0000DE7C       yaccsem.copy_union_code
 0001:0000DB38       yaccsem.definitions
 0001:0000E800       yaccsem.end_body
 0001:0000ED28       yaccsem.Finalization
 0001:0000EB8C       yaccsem.generate_parser
 0001:0000D870       yaccsem.litsym
 0001:0000D6C0       yaccsem.lookahead_char
 0001:0000D714       yaccsem.next_char
 0001:0000DA18       yaccsem.next_section
 0001:0000D7E0       yaccsem.ntsym
 0004:00012E80       yaccsem.n_act
 0004:00012E84       yaccsem.p_act
 0001:0000DF6C       yaccsem.scan_val
 0001:0000E778       yaccsem.start_body
 0001:0000E71C       yaccsem.start_rule
 0001:0000D784       yaccsem.sym
 0003:000009AC       yaccsem.union_declared
 0002:0000036C       yaccsem.yaccsem
 0001:0000D600       yaccsem.yyerror
 0004:000050FC       yacctabl..1
 0004:000050F8       yacctabl.act_state
 0001:0000A288       yacctabl.add_item
 0001:00009AC8       yacctabl.add_lit
 0001:0000A5BC       yacctabl.add_redn
 0001:00009DF4       yacctabl.add_rule
 0001:0000A47C       yacctabl.add_state
 0001:0000A508       yacctabl.add_trans
 0001:00009FA8       yacctabl.add_type
 0001:0000A74C       yacctabl.closure
 0004:000050D4       yacctabl.closure_table
 0004:000050A5       yacctabl.debug
 0001:00009C18       yacctabl.def_key
 0001:0000A628       yacctabl.end_redns
 0001:0000A578       yacctabl.end_trans
 0001:00009B64       yacctabl.entry
 0001:0000A354       yacctabl.eq_items
 0001:0000A94C       yacctabl.Finalization
 0001:0000A664       yacctabl.find_item
 0004:000050D8       yacctabl.first_set_table
 0001:0000A700       yacctabl.get_item_set
 0001:00009BBC       yacctabl.get_key
 0001:0000A6AC       yacctabl.include_item_set
 0001:00009C40       yacctabl.is_def_key
 0001:0000A848       yacctabl.items_less
 0001:0000A890       yacctabl.items_swap
 0004:000050E4       yacctabl.item_table
 0004:000050F0       yacctabl.lookahead_table
 0001:00009B34       yacctabl.lookup
 0001:00009DAC       yacctabl.newRuleRec
 0001:00009A58       yacctabl.new_lit
 0001:000099F0       yacctabl.new_nt
 0001:0000A1C4       yacctabl.new_prec_level
 0001:0000A224       yacctabl.new_state
 0004:000050DC       yacctabl.nullable
 0004:00005098       yacctabl.n_items
 0004:00005084       yacctabl.n_lits
 0004:00005080       yacctabl.n_nts
 0004:00005090       yacctabl.n_prec
 0004:000050A0       yacctabl.n_redns
 0004:00005088       yacctabl.n_rules
 0004:00005094       yacctabl.n_states
 0001:0000A648       yacctabl.n_state_items
 0004:0000509C       yacctabl.n_trans
 0004:0000508C       yacctabl.n_types
 0001:00009C64       yacctabl.pname
 0004:000050C0       yacctabl.prec_table
 0004:000050F4       yacctabl.prop_table
 0004:000050EC       yacctabl.redn_table
 0001:00009E48       yacctabl.rule_less
 0004:000050CC       yacctabl.rule_no
 0004:000050D0       yacctabl.rule_offs
 0001:00009F18       yacctabl.rule_offsets
 0004:000050C8       yacctabl.rule_prec
 0001:00009EB4       yacctabl.rule_swap
 0004:000050B4       yacctabl.rule_table
 0001:0000A40C       yacctabl.search_state
 0001:0000A0D4       yacctabl.search_type
 0004:00005100       yacctabl.sort_items
 0001:0000A90C       yacctabl.sort_item_set
 0001:00009EE0       yacctabl.sort_rules
 0001:0000A06C       yacctabl.sort_types
 0004:000050A8       yacctabl.startnt
 0001:0000A598       yacctabl.start_redns
 0001:0000A4E4       yacctabl.start_trans
 0001:0000A30C       yacctabl.state_key
 0004:000050E0       yacctabl.state_table
 0004:000050B0       yacctabl.sym_key
 0004:000050C4       yacctabl.sym_prec
 0004:000050AC       yacctabl.sym_table
 0004:000050BC       yacctabl.sym_type
 0004:000050E8       yacctabl.trans_table
 0001:00009FFC       yacctabl.type_less
 0001:0000A040       yacctabl.type_swap
 0004:000050B8       yacctabl.type_table
 0004:000050A4       yacctabl.verbose
 0002:00000154       yacctabl.yacctabl


  Address             Publics by Value

 0001:0000000C       System..TObject
 0001:00000060       System.CloseHandle
 0001:00000068       System.CreateFileA
 0001:00000070       System.DeleteFileA
 0001:00000078       System.GetFileType
 0001:00000080       System.GetFileSize
 0001:00000088       System.GetStdHandle
 0001:00000090       System.RaiseException
 0001:00000098       System.ReadFile
 0001:000000A0       System.RtlUnwind
 0001:000000A8       System.SetEndOfFile
 0001:000000B0       System.SetFilePointer
 0001:000000B8       System.UnhandledExceptionFilter
 0001:000000C0       System.WriteFile
 0001:000000C8       System.CharNext
 0001:000000D0       System.ExitProcess
 0001:000000D8       System.MessageBox
 0001:000000E0       System.FindClose
 0001:000000E8       System.FindFirstFile
 0001:000000F0       System.FreeLibrary
 0001:000000F8       System.GetCommandLine
 0001:00000100       System.GetLastError
 0001:00000108       System.GetLocaleInfo
 0001:00000110       System.GetModuleFileName
 0001:00000118       System.GetModuleHandle
 0001:00000120       System.GetProcAddress
 0001:00000128       System.GetStartupInfo
 0001:00000130       System.GetThreadLocale
 0001:00000138       System.LoadLibraryEx
 0001:00000140       System.LoadString
 0001:00000148       System.lstrcpyn
 0001:00000150       System.@strlen
 0001:00000158       System.RegCloseKey
 0001:00000160       System.RegOpenKeyEx
 0001:00000168       System.RegQueryValueEx
 0001:00000170       System.WideCharToMultiByte
 0001:00000178       System.VirtualQuery
 0001:00000180       System.SysFreeString
 0001:00000188       System.GetCurrentThreadId
 0001:00000190       System.GetCmdShow
 0001:000001B4       System.VirtualAlloc
 0001:000001BC       System.VirtualFree
 0001:000001C4       System.Sleep
 0001:000001CC       System.DestroyWindow
 0001:00000234       System.LockCmpxchg
 0001:0000023C       System.Move12
 0001:00000250       System.Move20
 0001:00000270       System.Move28
 0001:0000029C       System.Move36
 0001:000002BC       System.Move44
 0001:000002E0       System.Move52
 0001:0000030C       System.Move60
 0001:0000033C       System.Move68
 0001:00000374       System.MoveX16L4
 0001:000003A4       System.MoveX8L4
 0001:000003C0       System.RemoveMediumFreeBlock
 0001:00000400       System.InsertMediumBlockIntoBin
 0001:00000460       System.BinMediumSequentialFeedRemainder
 0001:000004CC       System.AllocNewSequentialFeedMediumPool
 0001:00000544       System.LockLargeBlocks
 0001:0000058C       System.AllocateLargeBlock
 0001:000005F0       System.FreeLargeBlock
 0001:00000694       System.ReallocateLargeBlock
 0001:000007E0       System.SysGetMem
 0001:00000B64       System.SysFreeMem
 0001:00000D5C       System.SysReallocMem
 0001:00001074       System.SysAllocMem
 0001:000010A4       System.NextMediumBlock
 0001:000010C8       System.GetFirstMediumBlockInPool
 0001:00001108       System.GetFirstAndLastSmallBlockInPool
 0001:00001144       System.CardinalToStrBuf
 0001:00001260       System.AppendStringToBuffer
 0001:00001278       System.IsValidVMTAddress
 0001:000012F4       System.InternalIsValidClass
 0001:00001374       System.GetObjectClass
 0001:0000139C       System.LockExpectedMemoryLeaksList
 0001:00001410       System.SysRegisterExpectedMemoryLeak
 0001:00001450       System.SysUnregisterExpectedMemoryLeak
 0001:000014A8       System.CheckSmallBlockPoolForLeaks
 0001:000015F4       System.ScanForMemoryLeaks
 0001:00001A6C       System.BuildBlockTypeLookupTable
 0001:00001AB0       System.InitializeMemoryManager
 0001:00001BD8       System.FreeAllMemory
 0001:00001C68       System.FinalizeMemoryManager
 0001:00001CBC       System.@GetMem
 0001:00001CD8       System.@FreeMem
 0001:00001CF0       System.@ReallocMem
 0001:00001D40       System.ExceptObject
 0001:00001D60       System.ExceptAddr
 0001:00001D80       System.RunErrorAt
 0001:00001D8C       System.ErrorAt
 0001:00001DD8       System.Error
 0001:00001DE4       System.@_IOTest
 0001:00001E04       System.SetInOutRes
 0001:00001E14       System.InOutError
 0001:00001E20       System.@Copy
 0001:00001E64       System.IOResult
 0001:00001E84       System.Move
 0001:00001F84       System.GetParamStr
 0001:00002080       System.ParamCount
 0001:000020E0       System.ParamStr
 0001:00002140       System.UpCase
 0001:0000214C       System.@AbstractError
 0001:00002168       System.OpenText
 0001:000021C0       System.@ResetText
 0001:000021CC       System.@RewritText
 0001:000021D8       System.TextIn
 0001:00002214       System.FileNOPProc
 0001:00002218       System.TextOut
 0001:00002254       System.InternalClose
 0001:00002264       System.TextClose
 0001:00002284       System.TextOpen
 0001:00002430       System.@Assign
 0001:00002498       System.InternalFlush
 0001:000024E0       System.Flush
 0001:000024EC       System.@Flush
 0001:000024F8       System.@Close
 0001:00002550       System.@PStrNCat
 0001:00002580       System.@PStrCpy
 0001:0000258C       System.@PStrNCpy
 0001:000025A8       System.@PStrCmp
 0001:0000262C       System.@AStrCmp
 0001:0000269C       System.@EofText
 0001:000026D4       System.@Erase
 0001:0000270C       System.@FileSize
 0001:00002758       System.@FillChar
 0001:000027F4       System.TryOpenForInput
 0001:00002830       System.@ReadChar
 0001:0000289C       System.ReadLine
 0001:0000291C       System.@ReadString
 0001:00002928       System.@ReadLString
 0001:00002994       System.@ReadLn
 0001:000029C4       System.@CloseFile
 0001:000029EC       System.OpenFile
 0001:00002ACC       System.@ResetFile
 0001:00002AE8       System.@StrLong
 0001:00002B48       System.@Str0Long
 0001:00002B54       System.@ValLong
 0001:00002C28       System.TryOpenForOutput
 0001:00002C6C       System.@WriteBytes
 0001:00002CC0       System.@WriteSpaces
 0001:00002D3C       System.@Write0Char
 0001:00002D78       System.@WriteLong
 0001:00002DB8       System.@Write0Long
 0001:00002DC0       System.@Write0String
 0001:00002DCC       System.@WriteString
 0001:00002DF0       System.@WriteLn
 0001:00002E38       System.FPower10
 0001:00002E40       System.@Pow10
 0001:00003124       System.GetKeyboardType
 0001:0000312C       System.@isNECWindows
 0001:0000315C       System.@FpuMaskInit
 0001:00003220       System.@FpuInit
 0001:0000322C       System.@BoundErr
 0001:00003234       System.@IntOver
 0001:0000323C       System.TObject.ClassName
 0001:00003250       System.TObject.NewInstance
 0001:0000326C       System.TObject.FreeInstance
 0001:00003280       System.TObject.InstanceSize
 0001:00003288       System.TObject.Create
 0001:000032A8       System.TObject.Destroy
 0001:000032B8       System.TObject.Free
 0001:000032C4       System.TObject.InitInstance
 0001:0000331C       System.TObject.CleanupInstance
 0001:0000333C       System.@IsClass
 0001:00003360       System.GetDynaMethod
 0001:00003390       System.TObject.InheritsFrom
 0001:000033A4       System.TObject.SafeCallException
 0001:000033AC       System.TObject.DefaultHandler
 0001:000033B0       System.TObject.AfterConstruction
 0001:000033B4       System.TObject.BeforeDestruction
 0001:000033B8       System.TObject.Dispatch
 0001:000033E0       System.@ClassCreate
 0001:00003430       System.@ClassDestroy
 0001:00003438       System.@AfterConstruction
 0001:00003488       System.@BeforeDestruction
 0001:00003498       System.NotifyReRaise
 0001:000034B4       System.NotifyNonDelphiException
 0001:000034D8       System.NotifyExcept
 0001:000034F0       System.NotifyAnyExcept
 0001:00003504       System.CheckJmp
 0001:00003524       System.NotifyExceptFinally
 0001:0000354C       System.NotifyTerminate
 0001:00003568       System.NotifyUnhandled
 0001:00003588       System.@HandleAnyException
 0001:000036B4       System.@HandleFinally
 0001:0000375C       System.@HandleFinallyInternal
 0001:00003794       System.@RaiseExcept
 0001:000037BC       System.@RaiseAgain
 0001:00003810       System.@DoneExcept
 0001:00003840       System.MapToRunError
 0001:000038E0       System.@ExceptionHandler
 0001:00003980       System.SetExceptionHandler
 0001:000039A0       System.UnsetExceptionHandler
 0001:000039C8       System.FinalizeUnits
 0001:00003A2C       System.InitUnits
 0001:00003A94       System.@StartExe
 0001:00003AD4       System.@InitResStringImports
 0001:00003AFC       System.@InitImports
 0001:00003B20       System.MakeErrorMessage
 0001:00003B84       System.ExitDll
 0001:00003BB4       System.WriteErrorMessage
 0001:00003C40       System.@Halt0
 0001:00003D1C       System.@Halt
 0001:00003D28       System.@RunError
 0001:00003D34       System.@LStrClr
 0001:00003D58       System.@LStrArrayClr
 0001:00003D88       System.@LStrAsg
 0001:00003DCC       System.@LStrLAsg
 0001:00003DF8       System.@NewAnsiString
 0001:00003E24       System.@LStrFromPCharLen
 0001:00003E54       System.CharFromWChar
 0001:00003E74       System.@LStrFromPWCharLen
 0001:00003F00       System.@LStrFromChar
 0001:00003F10       System.@LStrFromPChar
 0001:00003F40       System.@LStrFromPWChar
 0001:00003F7C       System.@LStrFromString
 0001:00003F88       System.@LStrFromArray
 0001:00003FA0       System.@LStrFromWStr
 0001:00003FB4       System.@LStrToString
 0001:00003FD8       System.@LStrLen
 0001:00003FE4       System.@LStrCat
 0001:00004030       System.@LStrCat3
 0001:000040AC       System.@LStrCatN
 0001:00004140       System.@LStrCmp
 0001:00004198       System.@LStrAddRef
 0001:000041A8       System.@LStrToPChar
 0001:000041BC       System.InternalUniqueString
 0001:00004200       System.@UniqueStringA
 0001:00004208       System.@LStrCopy
 0001:00004248       System.Pos
 0001:0000438C       System.@LStrSetLength
 0001:000043F0       System.StringOfChar
 0001:0000441C       System.@Write0LString
 0001:00004424       System.@WriteLString
 0001:00004444       System.@WStrClr
 0001:0000445C       System.@WStrArrayClr
 0001:00004480       System.@InitializeRecord
 0001:000044B0       System.@InitializeArray
 0001:00004544       System.@Initialize
 0001:00004550       System.@FinalizeRecord
 0001:00004584       System.@VarClr
 0001:0000459C       System.@FinalizeArray
 0001:00004688       System.@Finalize
 0001:00004694       System.@New
 0001:000046A8       System.@Dispose
 0001:000046B8       System.@DispCallByIDError
 0001:000046C0       System.@_llmul
 0001:000046E4       System.@DynArrayLength
 0001:000046EC       System.@DynArrayHigh
 0001:000046F4       System.@DynArrayClear
 0001:00004730       System.DelayLoadResourceModule
 0001:00004778       System.FindResourceHInstance
 0001:000047B0       System.FindBS
 0001:000047D0       System.ToLongPath
 0001:00004994       System.LoadResourceModule
 0001:00004C04       System.AddModuleUnloadProc
 0001:00004C24       System.RemoveModuleUnloadProc
 0001:00004C88       System.NotifyModuleUnload
 0001:00004CE4       System.RegisterModule
 0001:00004CF4       System.UnregisterModule
 0001:00004D64       System.@IntfClear
 0001:00004D7C       System.LoadResString
 0001:00004DD4       System.GetACP
 0001:00004DDC       System.Finalization
 0001:00004E3C       SysInit.GetModuleHandle
 0001:00004E44       SysInit.LocalAlloc
 0001:00004E4C       SysInit.TlsGetValue
 0001:00004E54       SysInit.TlsSetValue
 0001:00004E5C       SysInit.AllocTlsBuffer
 0001:00004E68       SysInit.GetTlsSize
 0001:00004E70       SysInit.InitThreadTLS
 0001:00004EB4       SysInit.@GetTls
 0001:00004EF4       SysInit.InitializeModule
 0001:00004F00       SysInit.@InitExe
 0001:000051C4       Windows.EnumCalendarInfoA
 0001:000051CC       Windows.FindClose
 0001:000051D4       Windows.FindFirstFile
 0001:000051DC       Windows.FreeLibrary
 0001:000051E4       Windows.GetCPInfo
 0001:000051EC       Windows.GetDiskFreeSpaceA
 0001:000051F4       Windows.GetFileAttributes
 0001:000051FC       Windows.GetLastError
 0001:00005204       Windows.GetLocaleInfo
 0001:0000520C       Windows.GetModuleFileName
 0001:00005214       Windows.GetModuleHandle
 0001:0000521C       Windows.GetProcAddress
 0001:00005224       Windows.GetStdHandle
 0001:0000522C       Windows.GetThreadLocale
 0001:00005234       Windows.GetVersionEx
 0001:0000523C       Windows.SetFileAttributes
 0001:00005244       Windows.VirtualQuery
 0001:0000524C       Windows.WriteFile
 0001:00005254       Windows.CharNext
 0001:0000525C       Windows.CharToOemA
 0001:00005264       Windows.GetSystemMetrics
 0001:0000526C       Windows.LoadString
 0001:00005274       Windows.MessageBox
 0001:0000527C       Windows.Finalization
 0001:000052C0       SysUtils..Exception
 0001:00005328       SysUtils..EHeapException
 0001:00005384       SysUtils..EOutOfMemory
 0001:000053E0       SysUtils..EInOutError
 0001:00005438       SysUtils..EExternal
 0001:00005490       SysUtils..EExternalException
 0001:000054F0       SysUtils..EIntError
 0001:00005548       SysUtils..EDivByZero
 0001:000055A0       SysUtils..ERangeError
 0001:000055F8       SysUtils..EIntOverflow
 0001:00005654       SysUtils..EMathError
 0001:000056AC       SysUtils..EInvalidOp
 0001:00005704       SysUtils..EZeroDivide
 0001:0000575C       SysUtils..EOverflow
 0001:000057B4       SysUtils..EUnderflow
 0001:0000580C       SysUtils..EInvalidPointer
 0001:00005868       SysUtils..EInvalidCast
 0001:000058C4       SysUtils..EConvertError
 0001:00005920       SysUtils..EAccessViolation
 0001:00005980       SysUtils..EPrivilege
 0001:000059D8       SysUtils..EStackOverflow
 0001:00005A34       SysUtils..EControlC
 0001:00005A8C       SysUtils..EVariantError
 0001:00005AE8       SysUtils..EAssertionFailed
 0001:00005B48       SysUtils..EAbstractError
 0001:00005BA4       SysUtils..EIntfCastError
 0001:00005C00       SysUtils..ESafecallException
 0001:00005CB4       SysUtils.ConvertErrorFmt
 0001:00005CD8       SysUtils.NewStr
 0001:00005D08       SysUtils.AnsiQuotedStr
 0001:00005E38       SysUtils.CvtInt
 0001:00005E84       SysUtils.IntToStr
 0001:00005EA4       SysUtils.CvtInt64
 0001:00005F70       SysUtils.StrToIntDef
 0001:00005FA0       SysUtils.ExistsLockedOrShared
 0001:00005FE0       SysUtils.FileExists
 0001:00006028       SysUtils.FileGetAttr
 0001:0000603C       SysUtils.FileSetAttr
 0001:00006064       SysUtils.LastDelimiter
 0001:000060B8       SysUtils.ExtractFilePath
 0001:000060EC       SysUtils.ExtractFileName
 0001:00006124       SysUtils.BackfillGetDiskFreeSpaceEx
 0001:00006198       SysUtils.StrLen
 0001:000061C8       SysUtils.StrEnd
 0001:000061DC       SysUtils.StrMove
 0001:000061EC       SysUtils.StrLCopy
 0001:00006220       SysUtils.StrLIComp
 0001:00006264       SysUtils.StrScan
 0001:00006278       SysUtils.FormatError
 0001:000062D0       SysUtils.FormatVarToStr
 0001:000062F4       SysUtils.FormatClearStr
 0001:00006300       SysUtils.FormatBuf
 0001:00006678       SysUtils.StrLFmt
 0001:000066B8       SysUtils.Format
 0001:000066CC       SysUtils.FmtStr
 0001:000067A8       SysUtils.PutExponent
 0001:000067EC       SysUtils.FloatToText
 0001:00006AC0       SysUtils.FloatToDecimal
 0001:00006CEC       SysUtils.GetLocaleStr
 0001:00006D38       SysUtils.GetLocaleChar
 0001:00006D64       SysUtils.LocalGetLocaleStr
 0001:00006DA0       SysUtils.GetMonthDayNames
 0001:00006EC4       SysUtils.EnumEraNames
 0001:00006F00       SysUtils.EnumEraYearOffsets
 0001:00006F78       SysUtils.GetEraNamesAndYearOffsets
 0001:00007028       SysUtils.TranslateDateFormat
 0001:00007258       SysUtils.ConvertAddr
 0001:00007264       SysUtils.ExceptionErrorMessage
 0001:000073EC       SysUtils.ShowException
 0001:000074B4       SysUtils.Exception.Create
 0001:000074F0       SysUtils.Exception.CreateFmt
 0001:00007570       SysUtils.Exception.CreateRes
 0001:000075AC       SysUtils.Exception.CreateResFmt
 0001:00007640       SysUtils.EHeapException.FreeInstance
 0001:0000766C       SysUtils.CreateInOutError
 0001:000076EC       SysUtils.ErrorHandler
 0001:0000773C       SysUtils.CreateAssertException
 0001:000077E8       SysUtils.RaiseAssertException
 0001:000077F8       SysUtils.AssertErrorHandler
 0001:00007814       SysUtils.AbstractErrorHandler
 0001:0000782C       SysUtils.MapException
 0001:000078AC       SysUtils.GetExceptionClass
 0001:000078C4       SysUtils.CreateAVObject
 0001:00007A90       SysUtils.GetExceptionObject
 0001:00007B58       SysUtils.ExceptHandler
 0001:00007B68       SysUtils.InitExceptions
 0001:00007BEC       SysUtils.DoneExceptions
 0001:00007C98       SysUtils.InitPlatformId
 0001:00007D08       SysUtils.ByteTypeTest
 0001:00007D7C       SysUtils.ByteType
 0001:00007DA0       SysUtils.StrByteType
 0001:00007DB8       SysUtils.StrCharLength
 0001:00007DD8       SysUtils.CharLength
 0001:00007E10       SysUtils.AnsiStrRScan
 0001:00007E44       SysUtils.AnsiStrScan
 0001:00007E84       SysUtils.InitLeadBytes
 0001:00007EE0       SysUtils.InitSysLocale
 0001:00007FA4       SysUtils.GetFormatSettings
 0001:00008370       SysUtils.HashName
 0001:00008398       SysUtils.ModuleUnloaded
 0001:000084B0       SysUtils.FreeTerminateProcs
 0001:000084D4       SysUtils.InitDriveSpacePtr
 0001:00008530       SysUtils.FreeAndNil
 0001:00008540       SysUtils.ClearHashTables
 0001:00008840       SysUtils.Finalization
 0001:000089D0       dlib..TLexerParserBase
 0001:00008A34       yacclib.yyerrok
 0001:00008A3C       yaccmsgs.position
 0001:00008B48       yaccmsgs.error
 0001:00008C34       yaccmsgs.fatal
 0001:00008CE0       yaccmsgs.Finalization
 0001:00008D10       yaccbase.newStr
 0001:00008D5C       yaccbase.empty
 0001:00008D64       yaccbase.singleton
 0001:00008D70       yaccbase.include
 0001:00008E34       yaccbase.exclude
 0001:00008E9C       yaccbase.setunion
 0001:00008FC4       yaccbase.setminus
 0001:00009030       yaccbase.size
 0001:00009034       yaccbase.member
 0001:00009084       yaccbase.newEmptyIntSet
 0001:00009094       yaccbase.sort
 0001:00009138       yaccbase.quicksort
 0001:00009150       yaccbase.hash
 0001:000091C4       yaccbase.newPos
 0001:000091F0       yaccbase.key
 0001:000092F0       yaccbase.upper
 0001:00009378       yaccbase.blankStr
 0001:000093FC       yaccbase.intStr
 0001:00009468       yaccbase.root
 0001:000094F4       yaccbase.addExt
 0001:000095A0       yaccbase.file_size
 0001:0000963C       yaccbase.octStr
 0001:000096C8       yaccbase.charStr
 0001:0000989C       yaccbase.singleQuoteStr
 0001:00009984       yaccbase.Finalization
 0001:000099F0       yacctabl.new_nt
 0001:00009A58       yacctabl.new_lit
 0001:00009AC8       yacctabl.add_lit
 0001:00009B34       yacctabl.lookup
 0001:00009B64       yacctabl.entry
 0001:00009BBC       yacctabl.get_key
 0001:00009C18       yacctabl.def_key
 0001:00009C40       yacctabl.is_def_key
 0001:00009C64       yacctabl.pname
 0001:00009DAC       yacctabl.newRuleRec
 0001:00009DF4       yacctabl.add_rule
 0001:00009E48       yacctabl.rule_less
 0001:00009EB4       yacctabl.rule_swap
 0001:00009EE0       yacctabl.sort_rules
 0001:00009F18       yacctabl.rule_offsets
 0001:00009FA8       yacctabl.add_type
 0001:00009FFC       yacctabl.type_less
 0001:0000A040       yacctabl.type_swap
 0001:0000A06C       yacctabl.sort_types
 0001:0000A0D4       yacctabl.search_type
 0001:0000A1C4       yacctabl.new_prec_level
 0001:0000A224       yacctabl.new_state
 0001:0000A288       yacctabl.add_item
 0001:0000A30C       yacctabl.state_key
 0001:0000A354       yacctabl.eq_items
 0001:0000A40C       yacctabl.search_state
 0001:0000A47C       yacctabl.add_state
 0001:0000A4E4       yacctabl.start_trans
 0001:0000A508       yacctabl.add_trans
 0001:0000A578       yacctabl.end_trans
 0001:0000A598       yacctabl.start_redns
 0001:0000A5BC       yacctabl.add_redn
 0001:0000A628       yacctabl.end_redns
 0001:0000A648       yacctabl.n_state_items
 0001:0000A664       yacctabl.find_item
 0001:0000A6AC       yacctabl.include_item_set
 0001:0000A700       yacctabl.get_item_set
 0001:0000A74C       yacctabl.closure
 0001:0000A848       yacctabl.items_less
 0001:0000A890       yacctabl.items_swap
 0001:0000A90C       yacctabl.sort_item_set
 0001:0000A94C       yacctabl.Finalization
 0001:0000A97C       yaccclos.closures
 0001:0000AAD4       yaccclos.first_sets
 0001:0000AC48       yacclr0.get_syms
 0001:0000AC98       yacclr0.make_state
 0001:0000ACF0       yacclr0.add_next_links
 0001:0000ADBC       yacclr0.LR0Set
 0001:0000AE80       yacclook.sym_count
 0001:0000AEA8       yacclook.compute_first_syms
 0001:0000AF84       yacclook.init_lookaheads
 0001:0000B028       yacclook.propagate
 0001:0000B0D8       yacclook.spontaneous_lookaheads
 0001:0000B1C4       yacclook.redns_less
 0001:0000B1E0       yacclook.redns_swap
 0001:0000B238       yacclook.sort_redns
 0001:0000B26C       yacclook.add_prop
 0001:0000B29C       yacclook.Initialize
 0001:0000B574       yacclook.propagate
 0001:0000B5EC       yacclook.lookaheads
 0001:0000B5F8       yaccpars.ruleStr
 0001:0000B6C4       yaccpars.itemStr
 0001:0000B7F8       yaccpars.build
 0001:0000C444       yaccpars.counters
 0001:0000C5A0       yaccpars.tables
 0001:0000D5F0       yaccpars.parse_table
 0001:0000D600       yaccsem.yyerror
 0001:0000D66C       yaccsem.act_char
 0001:0000D6C0       yaccsem.lookahead_char
 0001:0000D714       yaccsem.next_char
 0001:0000D784       yaccsem.sym
 0001:0000D7E0       yaccsem.ntsym
 0001:0000D870       yaccsem.litsym
 0001:0000DA18       yaccsem.next_section
 0001:0000DB38       yaccsem.definitions
 0001:0000DDE8       yaccsem.copy_code
 0001:0000DE7C       yaccsem.copy_union_code
 0001:0000DF6C       yaccsem.scan_val
 0001:0000E3AC       yaccsem.copy_action
 0001:0000E57C       yaccsem.copy_single_action
 0001:0000E6D0       yaccsem.copy_rest_of_file
 0001:0000E71C       yaccsem.start_rule
 0001:0000E778       yaccsem.start_body
 0001:0000E800       yaccsem.end_body
 0001:0000E8F8       yaccsem.add_rule_action
 0001:0000EACC       yaccsem.add_symbol
 0001:0000EB50       yaccsem.add_action
 0001:0000EB68       yaccsem.add_rule_prec
 0001:0000EB8C       yaccsem.generate_parser
 0001:0000ED28       yaccsem.Finalization
 0001:0000ED58       dyacc..TLexer
 0001:0000EDB0       dyacc..TParser
 0001:0000EE08       dyacc.yyaction
 0001:000100F0       dyacc.yyact
 0001:00010174       dyacc.yygoto
 0001:000101F8       dyacc.TParser.parse
 0001:0001055C       dyacc.end_of_input
 0001:00010594       dyacc.scan_comment
 0001:000106FC       dyacc.scan
 0001:0001083C       dyacc.scan_ident
 0001:00010A80       dyacc.scan_literal
 0001:000110CC       dyacc.scan_num
 0001:00011264       dyacc.lookup
 0001:00011354       dyacc.scan_keyword
 0001:000116C4       dyacc.scan_char
 0001:000116FC       dyacc.TLexer.parse
 0001:00011858       dyacc.openCodFile
 0001:00011970       dyacc.Finalization
 0002:00000000       System.System
 0002:00000098       Windows.Windows
 0002:000000AC       SysUtils.SysUtils
 0002:00000134       yaccmsgs.yaccmsgs
 0002:0000014C       yaccbase.yaccbase
 0002:00000154       yacctabl.yacctabl
 0002:0000036C       yaccsem.yaccsem
 0002:00000380       dyacc.dyacc
 0003:00000000       System.ExitCode
 0003:00000004       System.ErrorAddr
 0003:00000008       System.FileMode
 0003:0000000C       System.VarClearProc
 0003:00000010       System.VarToLStrProc
 0003:00000014       System.Default8087CW
 0003:00000018       System.DebugHook
 0003:0000001C       System.JITEnable
 0003:00000020       System.NoErrMsg
 0003:00000024       System.DefaultTextLineBreakStyle
 0003:00000028       System.LibModuleList
 0003:0000002C       System.ModuleUnloadList
 0003:00000030       System.Copyright
 0003:00000034       System.SmallBlockTypes
 0003:00000714       System.MemoryManager
 0003:0000072C       System.reMap
 0003:00000748       System.ShareTab
 0003:00000768       System.errCaption
 0003:00000770       System.runErrMsg
 0003:00000790       System.dig
 0003:000007A0       SysInit.TlsIndex
 0003:000007A4       SysInit.PtrToNil
 0003:000007A8       SysInit.Module
 0003:000007C0       SysUtils.EmptyStr
 0003:000007C4       SysUtils.NullStr
 0003:000007C8       SysUtils.EmptyWideStr
 0003:000007CC       SysUtils.Win32Platform
 0003:000007D0       SysUtils.Win32MajorVersion
 0003:000007D4       SysUtils.Win32MinorVersion
 0003:000007D8       SysUtils.Win32BuildNumber
 0003:000007DC       SysUtils.Win32CSDVersion
 0003:000007E0       SysUtils.LeadBytes
 0003:00000800       SysUtils.HexDisplayPrefix
 0003:00000804       SysUtils.GetDiskFreeSpaceEx
 0003:00000808       SysUtils.cSimpleBoolStrs
 0003:00000810       SysUtils.FormatErrorStrs
 0003:00000818       SysUtils.FCon1E18
 0003:00000824       SysUtils.DCon10
 0003:00000828       SysUtils.DefShortMonthNames
 0003:00000858       SysUtils.DefLongMonthNames
 0003:00000888       SysUtils.DefShortDayNames
 0003:000008A4       SysUtils.DefLongDayNames
 0003:000008C0       SysUtils.ErrorMap
 0003:000008F8       SysUtils.ExceptMap
 0003:000009A8       SysUtils.TerminateProcList
 0003:000009AC       yaccsem.union_declared
 0003:000009B0       dyacc.yya
 0003:000011E0       dyacc.yyg
 0003:00001680       dyacc.yyd
 0003:00001890       dyacc.yyal
 0003:00001AA0       dyacc.yyah
 0003:00001CB0       dyacc.yygl
 0003:00001EC0       dyacc.yygh
 0003:000020D0       dyacc.yyr
 0003:00002418       dyacc.keys
 0003:00002484       dyacc.toks
 0004:00000000       System.DispCallByIDProc
 0004:00000004       System.ExceptProc
 0004:00000008       System.ErrorProc
 0004:0000000C       System.ExceptClsProc
 0004:00000010       System.ExceptObjProc
 0004:00000014       System.RaiseExceptionProc
 0004:00000018       System.RTLUnwindProc
 0004:0000001C       System.ExceptionClass
 0004:00000020       System.AssertErrorProc
 0004:00000024       System.ExitProcessProc
 0004:00000028       System.AbstractErrorProc
 0004:0000002C       System.MainInstance
 0004:00000030       System.MainThreadID
 0004:00000034       System.IsLibrary
 0004:00000038       System.CmdShow
 0004:0000003C       System.CmdLine
 0004:00000040       System.ExitProc
 0004:00000044       System.IsConsole
 0004:00000045       System.IsMultiThread
 0004:00000046       System.Test8086
 0004:00000048       System.Input
 0004:00000214       System.Output
 0004:000003E0       System.ErrOutput
 0004:000005AC       System.ReportMemoryLeaksOnShutdown
 0004:000005AD       System.NeverSleepOnMMThreadContention
 0004:000005B0       System..6
 0004:000005B4       System.DefaultSystemCodePage
 0004:000005B8       System.AllocSize2SmallBlockTypeIndX4
 0004:000006FE       System.MinimumBlockAlignment
 0004:00000700       System.MediumBlockPoolsCircularList
 0004:00000710       System.MediumBlocksLocked
 0004:00000714       System.LastSequentiallyFedMediumBlock
 0004:00000718       System.MediumSequentialFeedBytesLeft
 0004:0000071C       System.MediumBlockBinGroupBitmap
 0004:00000720       System.MediumBlockBinBitmaps
 0004:000007A0       System.MediumBlockBins
 0004:000027A0       System.LargeBlocksLocked
 0004:000027A4       System.LargeBlocksCircularList
 0004:000027B4       System.ExpectedMemoryLeaks
 0004:000027B8       System.ExpectedMemoryLeaksListLocked
 0004:000027BC       System.MMSharingWindow
 0004:000027C0       System.InitContext
 0004:000027EC       SysInit.ModuleIsLib
 0004:000027ED       SysInit.ModuleIsCpp
 0004:000027F0       SysInit.HInstance
 0004:000027F4       SysInit.tlsBuffer
 0004:000027F8       Windows..3
 0004:000027FC       Windows.HtmlHelpModule
 0004:00002800       SysUtils.CurrencyString
 0004:00002804       SysUtils.CurrencyFormat
 0004:00002805       SysUtils.NegCurrFormat
 0004:00002806       SysUtils.ThousandSeparator
 0004:00002807       SysUtils.DecimalSeparator
 0004:00002808       SysUtils.CurrencyDecimals
 0004:00002809       SysUtils.DateSeparator
 0004:0000280C       SysUtils.ShortDateFormat
 0004:00002810       SysUtils.LongDateFormat
 0004:00002814       SysUtils.TimeSeparator
 0004:00002818       SysUtils.TimeAMString
 0004:0000281C       SysUtils.TimePMString
 0004:00002820       SysUtils.ShortTimeFormat
 0004:00002824       SysUtils.LongTimeFormat
 0004:00002828       SysUtils.ShortMonthNames
 0004:00002858       SysUtils.LongMonthNames
 0004:00002888       SysUtils.ShortDayNames
 0004:000028A4       SysUtils.LongDayNames
 0004:000028C0       SysUtils.SysLocale
 0004:000028CE       SysUtils.ListSeparator
 0004:000028D0       SysUtils.EraNames
 0004:000028EC       SysUtils.EraYearOffsets
 0004:00002908       SysUtils.TrueBoolStrs
 0004:0000290C       SysUtils.FalseBoolStrs
 0004:00002910       SysUtils..35
 0004:00002914       SysUtils.OutOfMemory
 0004:00002918       SysUtils.InvalidPointer
 0004:0000291C       SysUtils.ValidatedUnitHashBuckets
 0004:00003910       SysUtils.UnitHashBuckets
 0004:00004904       SysUtils.FLanguages
 0004:00004908       yacclib.yychar
 0004:0000490C       yacclib.yynerrs
 0004:00004910       yacclib.yyflag
 0004:00004914       yacclib.yyerrflag
 0004:00004918       yaccmsgs.errors
 0004:0000491C       yaccmsgs.warnings
 0004:00004920       yaccmsgs..1
 0004:00004924       yaccbase.yfilename
 0004:00004928       yaccbase.pasfilename
 0004:0000492C       yaccbase.lstfilename
 0004:00004930       yaccbase.codfilename
 0004:00004934       yaccbase.codfilepath
 0004:00004938       yaccbase.yyin
 0004:00004B04       yaccbase.yyout
 0004:00004CD0       yaccbase.yylst
 0004:00004E9C       yaccbase.yycod
 0004:00005068       yaccbase.line
 0004:0000506C       yaccbase.lno
 0004:00005070       yaccbase.cno
 0004:00005074       yaccbase.tokleng
 0004:00005078       yaccbase.yycodlno
 0004:0000507C       yaccbase..1
 0004:00005080       yacctabl.n_nts
 0004:00005084       yacctabl.n_lits
 0004:00005088       yacctabl.n_rules
 0004:0000508C       yacctabl.n_types
 0004:00005090       yacctabl.n_prec
 0004:00005094       yacctabl.n_states
 0004:00005098       yacctabl.n_items
 0004:0000509C       yacctabl.n_trans
 0004:000050A0       yacctabl.n_redns
 0004:000050A4       yacctabl.verbose
 0004:000050A5       yacctabl.debug
 0004:000050A8       yacctabl.startnt
 0004:000050AC       yacctabl.sym_table
 0004:000050B0       yacctabl.sym_key
 0004:000050B4       yacctabl.rule_table
 0004:000050B8       yacctabl.type_table
 0004:000050BC       yacctabl.sym_type
 0004:000050C0       yacctabl.prec_table
 0004:000050C4       yacctabl.sym_prec
 0004:000050C8       yacctabl.rule_prec
 0004:000050CC       yacctabl.rule_no
 0004:000050D0       yacctabl.rule_offs
 0004:000050D4       yacctabl.closure_table
 0004:000050D8       yacctabl.first_set_table
 0004:000050DC       yacctabl.nullable
 0004:000050E0       yacctabl.state_table
 0004:000050E4       yacctabl.item_table
 0004:000050E8       yacctabl.trans_table
 0004:000050EC       yacctabl.redn_table
 0004:000050F0       yacctabl.lookahead_table
 0004:000050F4       yacctabl.prop_table
 0004:000050F8       yacctabl.act_state
 0004:000050FC       yacctabl..1
 0004:00005100       yacctabl.sort_items
 0004:00005584       yacclook.item_set
 0004:00005A08       yacclook.lookahead_set
 0004:0000CC08       yacclook.n_kernel_items
 0004:0000CC0C       yaccpars.shift_reduce
 0004:0000CC10       yaccpars.reduce_reduce
 0004:0000CC14       yaccpars.never_reduced
 0004:0000CC18       yaccpars.reduced
 0004:0000CFA0       yaccpars.yynacts
 0004:0000CFA4       yaccpars.yyngotos
 0004:0000CFA8       yaccpars.yynstates
 0004:0000CFAC       yaccpars.yyd
 0004:0000E26C       yaccpars.yyal
 0004:0000F52C       yaccpars.yyah
 0004:000107EC       yaccpars.yygl
 0004:00011AAC       yaccpars.yygh
 0004:00012D6C       yaccsem.act_prec
 0004:00012D70       yaccsem.act_type
 0004:00012D74       yaccsem..1
 0004:00012D78       yaccsem.act_rule
 0004:00012E80       yaccsem.n_act
 0004:00012E84       yaccsem.p_act
 0004:00012E88       dyacc.yylval
 0005:00000000       System.RaiseListPtr
 0005:00000004       System.InOutRes
 0005:00000008       SysInit.TlsLast


Line numbers for dlib(Dlib.pas) segment .text

    42 0001:00000000

Line numbers for yacclib(YaccLib.pas) segment .text

   106 0001:00008A34   107 0001:00008A3B   109 0001:00008A6A

Line numbers for yaccmsgs(yaccmsgs.pas) segment .text

   112 0001:00008A3C   114 0001:00008A6C   115 0001:00008A8E   116 0001:00008AD0
   117 0001:00008AE4   118 0001:00008AFF   119 0001:00008B12   122 0001:00008B48
   123 0001:00008B65   124 0001:00008B6B   125 0001:00008B7A   126 0001:00008BA4
   127 0001:00008BBB   128 0001:00008BCA   129 0001:00008BF4   130 0001:00008C0B
   132 0001:00008C12   148 0001:00008C34   149 0001:00008C51   150 0001:00008C60
   151 0001:00008C77   152 0001:00008C86   153 0001:00008C95   154 0001:00008CA4
   155 0001:00008CB3   156 0001:00008CBD

Line numbers for yaccmsgs(yaccmsgs.pas) segment .itext

   158 0002:00000134   159 0002:0000013D   160 0002:00000144   161 0002:0000014B

Line numbers for yaccbase(yaccbase.pas) segment .text

   208 0001:00008D10   209 0001:00008D2E   210 0001:00008D38   216 0001:00008D5C
   217 0001:00008D60   221 0001:00008D64   222 0001:00008D6A   223 0001:00008D6D
   228 0001:00008D70   230 0001:00008D77   231 0001:00008D7C   232 0001:00008D7E
   235 0001:00008D8D   236 0001:00008D92   238 0001:00008D97   239 0001:00008D9A
   233 0001:00008DA7   241 0001:00008DB0   243 0001:00008DBB   244 0001:00008DC0
   245 0001:00008DCA   247 0001:00008DD5   248 0001:00008DEA   251 0001:00008DF0
   252 0001:00008E05   254 0001:00008E08   256 0001:00008E0A   261 0001:00008E34
   263 0001:00008E39   264 0001:00008E3E   265 0001:00008E40   268 0001:00008E4F
   269 0001:00008E54   271 0001:00008E59   272 0001:00008E5C   266 0001:00008E69
   274 0001:00008E72   276 0001:00008E7D   277 0001:00008E95   279 0001:00008E97
   285 0001:00008E9C   287 0001:00008EAB   288 0001:00008EAD   289 0001:00008EB2
   292 0001:00008EBC   293 0001:00008EBD   294 0001:00008EC2   295 0001:00008ECC
   297 0001:00008EDB   298 0001:00008EE2   300 0001:00008EE5   302 0001:00008EF4
   303 0001:00008F02   306 0001:00008F08   307 0001:00008F0F   308 0001:00008F10
   290 0001:00008F14   311 0001:00008F23   313 0001:00008F2F   314 0001:00008F30
   315 0001:00008F35   316 0001:00008F3F   317 0001:00008F46   311 0001:00008F49
   318 0001:00008F4C   320 0001:00008F60   321 0001:00008F61   322 0001:00008F66
   323 0001:00008F70   324 0001:00008F77   318 0001:00008F7A   325 0001:00008F7D
   326 0001:00008F81   327 0001:00008F93   333 0001:00008FC4   334 0001:00008FD0
   335 0001:00008FD2   336 0001:00008FD7   339 0001:00008FE8   338 0001:00008FE9
   340 0001:00008FF4   342 0001:00008FFF   343 0001:00009000   346 0001:00009008
   347 0001:00009009   336 0001:0000900C   348 0001:0000900F   349 0001:00009013
   350 0001:00009026   376 0001:00009030   377 0001:00009032   382 0001:00009034
   384 0001:00009036   385 0001:0000903B   386 0001:0000903D   389 0001:0000904C
   390 0001:00009051   392 0001:00009056   393 0001:00009059   387 0001:00009066
   395 0001:0000906F   396 0001:0000907F   457 0001:00009084   458 0001:0000908E
   460 0001:00009092   471 0001:00009094   472 0001:000090A3   473 0001:000090A6
   474 0001:000090A9   477 0001:000090BB   476 0001:000090BC   479 0001:000090CF
   478 0001:000090D0   480 0001:000090E1   482 0001:000090E5   483 0001:000090F1
   484 0001:000090F6   485 0001:000090FB   486 0001:00009100   487 0001:00009103
   488 0001:00009104   490 0001:00009105   491 0001:00009109   492 0001:0000910E
   493 0001:0000911D   494 0001:00009122   495 0001:00009131   496 0001:00009138
   497 0001:0000913F   498 0001:00009143   499 0001:0000914A   507 0001:00009150
   508 0001:00009171   509 0001:00009173   510 0001:00009188   509 0001:00009193
   511 0001:00009196   512 0001:0000919E   523 0001:000091C4   524 0001:000091D1
   525 0001:000091D3   526 0001:000091D7   527 0001:000091DB   528 0001:000091E3
   529 0001:000091E6   535 0001:000091F0   536 0001:0000921E   537 0001:0000922B
   538 0001:00009232   539 0001:00009237   540 0001:0000923C   542 0001:0000924A
   543 0001:00009253   544 0001:00009256   546 0001:00009258   548 0001:0000926D
   549 0001:00009270   552 0001:00009272   539 0001:00009281   553 0001:00009286
   554 0001:00009290   601 0001:000092F0   602 0001:00009312   603 0001:00009329
   602 0001:00009345   604 0001:00009348   605 0001:00009352   621 0001:00009378
   622 0001:0000939A   623 0001:000093B1   624 0001:000093BB   622 0001:000093C9
   625 0001:000093CC   626 0001:000093D6   631 0001:000093FC   632 0001:0000941E
   633 0001:00009439   634 0001:00009443   657 0001:00009468   658 0001:00009489
   659 0001:00009493   660 0001:000094A6   663 0001:000094B8   664 0001:000094C9
   668 0001:000094CB   659 0001:000094CC   669 0001:000094D0   677 0001:000094F4
   678 0001:00009521   679 0001:0000952B   680 0001:0000953E   684 0001:00009550
   679 0001:00009551   686 0001:00009555   687 0001:0000956C   692 0001:000095A0
   693 0001:000095C3   694 0001:000095D1   695 0001:000095E6   696 0001:000095EF
   698 0001:00009603   699 0001:00009605   700 0001:00009615   708 0001:0000963C
   709 0001:0000965A   711 0001:0000969C   712 0001:000096C8   713 0001:000096F6
   714 0001:00009760   715 0001:00009771   716 0001:00009782   717 0001:00009793
   718 0001:000097A1   719 0001:000097AF   722 0001:000097BD   723 0001:000097D8
   724 0001:000097E3   726 0001:00009814   728 0001:0000981D   734 0001:0000989C
   735 0001:000098C8   736 0001:000098D0   737 0001:000098E7   736 0001:00009908
   738 0001:0000990B   739 0001:00009925

Line numbers for yaccbase(yaccbase.pas) segment .itext

   752 0002:0000014C

Line numbers for yacctabl(yacctabl.pas) segment .text

   416 0001:000099F0   417 0001:000099F6   418 0001:00009A02   419 0001:00009A0C
   420 0001:00009A22   421 0001:00009A29   425 0001:00009A58   426 0001:00009A5E
   427 0001:00009A6A   428 0001:00009A74   429 0001:00009A88   430 0001:00009A99
   431 0001:00009A9F   434 0001:00009AC8   435 0001:00009ACB   436 0001:00009AD3
   437 0001:00009AD9   438 0001:00009AE5   439 0001:00009AEF   440 0001:00009AFD
   441 0001:00009B07   447 0001:00009B34   448 0001:00009B39   449 0001:00009B46
   450 0001:00009B4C   452 0001:00009B55   453 0001:00009B5E   459 0001:00009B64
   460 0001:00009B84   461 0001:00009B99   464 0001:00009BBC   465 0001:00009BDA
   471 0001:00009BF3   474 0001:00009C18   475 0001:00009C19   476 0001:00009C26
   477 0001:00009C34   478 0001:00009C3D   481 0001:00009C40   482 0001:00009C41
   484 0001:00009C51   485 0001:00009C5C   488 0001:00009C60   489 0001:00009C62
   492 0001:00009C64   493 0001:00009C82   494 0001:00009C94   495 0001:00009CAD
   496 0001:00009CBE   499 0001:00009CCF   501 0001:00009CEF   508 0001:00009D3A
   512 0001:00009D5D   519 0001:00009DAC   520 0001:00009DC1   521 0001:00009DD3
   522 0001:00009DE7   523 0001:00009DE9   526 0001:00009DF4   527 0001:00009DF7
   528 0001:00009DFD   529 0001:00009E09   530 0001:00009E13   531 0001:00009E22
   536 0001:00009E48   537 0001:00009E4B   539 0001:00009E79   541 0001:00009E80
   543 0001:00009EAF   550 0001:00009EB4   551 0001:00009EB6   552 0001:00009EC0
   553 0001:00009ED4   554 0001:00009EDD   560 0001:00009EE0   561 0001:00009EEF
   560 0001:00009EFA   562 0001:00009EFD   568 0001:00009F17   573 0001:00009F18
   574 0001:00009F2B   575 0001:00009F3A   577 0001:00009F43   578 0001:00009F49
   579 0001:00009F4E   574 0001:00009F4F   580 0001:00009F52   581 0001:00009F57
   583 0001:00009F5B   584 0001:00009F69   585 0001:00009F77   588 0001:00009F7A
   586 0001:00009F7B   589 0001:00009F8F   581 0001:00009F9E   591 0001:00009FA2
   602 0001:00009FA8   603 0001:00009FAB   604 0001:00009FB1   605 0001:00009FBA
   606 0001:00009FC4   607 0001:00009FD3   614 0001:00009FFC   615 0001:0000A002
   617 0001:0000A03B   624 0001:0000A040   625 0001:0000A042   626 0001:0000A04C
   627 0001:0000A060   628 0001:0000A069   633 0001:0000A06C   635 0001:0000A07A
   642 0001:0000A090   643 0001:0000A095   644 0001:0000A09A   645 0001:0000A09C
   647 0001:0000A0A0   648 0001:0000A0A4   651 0001:0000A0B2   652 0001:0000A0B3
   649 0001:0000A0B4   654 0001:0000A0C5   655 0001:0000A0C6   645 0001:0000A0C7
   657 0001:0000A0CB   658 0001:0000A0CD   663 0001:0000A0D4   665 0001:0000A0F4
   666 0001:0000A0F9   667 0001:0000A0FF   670 0001:0000A10E   671 0001:0000A130
   673 0001:0000A135   674 0001:0000A138   668 0001:0000A145   676 0001:0000A16B
   677 0001:0000A19D   682 0001:0000A1C4   683 0001:0000A1C7   684 0001:0000A1CD
   685 0001:0000A1D6   686 0001:0000A1E0   687 0001:0000A1EF   688 0001:0000A1F4
   694 0001:0000A224   695 0001:0000A22A   696 0001:0000A236   697 0001:0000A240
   698 0001:0000A260   701 0001:0000A288   702 0001:0000A28E   703 0001:0000A294
   704 0001:0000A2A0   705 0001:0000A2AA   706 0001:0000A2BC   707 0001:0000A2CE
   708 0001:0000A2E2   720 0001:0000A30C   721 0001:0000A30E   723 0001:0000A321
   724 0001:0000A323   725 0001:0000A32D   726 0001:0000A33A   724 0001:0000A342
   727 0001:0000A345   729 0001:0000A351   739 0001:0000A354   740 0001:0000A35F
   741 0001:0000A373   743 0001:0000A37A   744 0001:0000A38D   745 0001:0000A3A3
   746 0001:0000A3B4   749 0001:0000A3FC   750 0001:0000A3FE   751 0001:0000A400
   745 0001:0000A401   752 0001:0000A404   754 0001:0000A406   757 0001:0000A40C
   758 0001:0000A41A   759 0001:0000A430   760 0001:0000A43A   763 0001:0000A463
   764 0001:0000A465   765 0001:0000A46A   766 0001:0000A46C   759 0001:0000A46D
   767 0001:0000A470   768 0001:0000A472   771 0001:0000A47C   772 0001:0000A47E
   774 0001:0000A497   775 0001:0000A49F   776 0001:0000A4AD   778 0001:0000A4C8
   779 0001:0000A4CF   780 0001:0000A4D5   783 0001:0000A4DB   785 0001:0000A4E1
   789 0001:0000A4E4   790 0001:0000A504   793 0001:0000A508   794 0001:0000A50E
   795 0001:0000A514   796 0001:0000A520   797 0001:0000A52A   798 0001:0000A539
   799 0001:0000A548   803 0001:0000A578   804 0001:0000A597   808 0001:0000A598
   809 0001:0000A5B8   812 0001:0000A5BC   813 0001:0000A5C2   814 0001:0000A5C8
   815 0001:0000A5D4   816 0001:0000A5DE   817 0001:0000A5ED   818 0001:0000A5FC
   822 0001:0000A628   823 0001:0000A647   827 0001:0000A648   828 0001:0000A65B
   829 0001:0000A663   846 0001:0000A664   847 0001:0000A667   848 0001:0000A67A
   849 0001:0000A686   854 0001:0000A6A1   848 0001:0000A6A2   855 0001:0000A6A5
   856 0001:0000A6A7   866 0001:0000A6AC   869 0001:0000A6B5   870 0001:0000A6B7
   871 0001:0000A6BC   872 0001:0000A6C6   873 0001:0000A6CF   875 0001:0000A6D8
   878 0001:0000A700   879 0001:0000A708   881 0001:0000A71B   882 0001:0000A726
   884 0001:0000A746   890 0001:0000A74C   894 0001:0000A758   895 0001:0000A761
   896 0001:0000A76B   897 0001:0000A779   898 0001:0000A78B   895 0001:0000A79E
   899 0001:0000A7A1   901 0001:0000A7B3   902 0001:0000A7C6   901 0001:0000A7E3
   904 0001:0000A7E6   905 0001:0000A802   906 0001:0000A813   907 0001:0000A81D
   906 0001:0000A833   907 0001:0000A836   904 0001:0000A83A   909 0001:0000A83D
[...]
   178 0001:0000C158   382 0001:0000C161   383 0001:0000C178   384 0001:0000C180
   382 0001:0000C189   386 0001:0000C18E   388 0001:0000C19C   389 0001:0000C1AB
   390 0001:0000C1B4   391 0001:0000C1D8   392 0001:0000C1E1   393 0001:0000C205
   394 0001:0000C20E   399 0001:0000C232   401 0001:0000C24D   402 0001:0000C25C
   403 0001:0000C275   404 0001:0000C291   406 0001:0000C299   407 0001:0000C2A8
   408 0001:0000C2EC   403 0001:0000C2F0   411 0001:0000C2F5   420 0001:0000C444
   422 0001:0000C44B   423 0001:0000C457   424 0001:0000C45E   426 0001:0000C465
   427 0001:0000C4A6   429 0001:0000C4BE   430 0001:0000C4C7   431 0001:0000C4D3
   433 0001:0000C4DC   434 0001:0000C4E7   435 0001:0000C4F2   436 0001:0000C4FD
   433 0001:0000C504   437 0001:0000C507   438 0001:0000C512   439 0001:0000C521
   437 0001:0000C533   441 0001:0000C536   442 0001:0000C541   443 0001:0000C54C
   444 0001:0000C551   441 0001:0000C558   445 0001:0000C55B   446 0001:0000C567
   447 0001:0000C573   426 0001:0000C58D   449 0001:0000C597   459 0001:0000C5A0
   461 0001:0000C5D4   462 0001:0000C5E0   463 0001:0000C5F6   464 0001:0000C60C
   465 0001:0000C622   467 0001:0000C630   468 0001:0000C646   469 0001:0000C65C
   470 0001:0000C672   471 0001:0000C688   472 0001:0000C69E   473 0001:0000C6B4
   476 0001:0000C6CC   477 0001:0000C6E2   478 0001:0000C6F8   480 0001:0000C70E
   481 0001:0000C71A   485 0001:0000C730   486 0001:0000C73C   487 0001:0000C764
   488 0001:0000C78C   489 0001:0000C7B4   490 0001:0000C7DF   494 0001:0000C80A
   495 0001:0000C816   496 0001:0000C82C   497 0001:0000C82E   498 0001:0000C850
   500 0001:0000C86B   501 0001:0000C893   503 0001:0000C89F   504 0001:0000C8B7
   505 0001:0000C8C5   507 0001:0000C8DE   508 0001:0000C8DF   509 0001:0000C8E7
   511 0001:0000C8FF   513 0001:0000C93E   514 0001:0000C946   515 0001:0000C959
   516 0001:0000C965   503 0001:0000C966   517 0001:0000C96F   518 0001:0000C987
   519 0001:0000C995   521 0001:0000C9B1   522 0001:0000C9B2   524 0001:0000C9FA
   525 0001:0000CA02   526 0001:0000CA15   527 0001:0000CA21   519 0001:0000CA24
   527 0001:0000CA29   517 0001:0000CA2A   529 0001:0000CA33   497 0001:0000CA3A
   530 0001:0000CA43   534 0001:0000CA59   535 0001:0000CA65   536 0001:0000CA7B
   537 0001:0000CA7D   538 0001:0000CA98   540 0001:0000CAB0   541 0001:0000CAD8
   542 0001:0000CAEC   543 0001:0000CAFA   545 0001:0000CB02   546 0001:0000CB03
   547 0001:0000CB42   548 0001:0000CB4A   549 0001:0000CB5D   550 0001:0000CB69
   541 0001:0000CB6A   551 0001:0000CB73   537 0001:0000CB76   552 0001:0000CB7F
   556 0001:0000CB95   557 0001:0000CBA1   558 0001:0000CBB7   560 0001:0000CBD3
   561 0001:0000CC02   562 0001:0000CC0F   563 0001:0000CC22   564 0001:0000CC2E
   558 0001:0000CC34   565 0001:0000CC39   569 0001:0000CC4F   570 0001:0000CC5B
   571 0001:0000CC71   573 0001:0000CC8D   574 0001:0000CCBC   575 0001:0000CCC9
   576 0001:0000CCDC   577 0001:0000CCE8   571 0001:0000CCEE   578 0001:0000CCF3
   579 0001:0000CD09   580 0001:0000CD15   581 0001:0000CD2B   583 0001:0000CD47
   584 0001:0000CD76   585 0001:0000CD83   586 0001:0000CD96   587 0001:0000CDA2
   581 0001:0000CDA8   588 0001:0000CDAD   589 0001:0000CDC3   590 0001:0000CDCF
   591 0001:0000CDE5   593 0001:0000CE01   594 0001:0000CE30   595 0001:0000CE3D
   596 0001:0000CE50   597 0001:0000CE5C   591 0001:0000CE62   598 0001:0000CE67
   599 0001:0000CE7D   600 0001:0000CE89   601 0001:0000CE9F   603 0001:0000CEBB
   604 0001:0000CEEA   605 0001:0000CEF7   606 0001:0000CF0A   607 0001:0000CF16
   601 0001:0000CF1C   608 0001:0000CF21   612 0001:0000CF37   613 0001:0000CF43
   614 0001:0000CF59   615 0001:0000CF72   617 0001:0000CF7D   619 0001:0000CF87
   621 0001:0000CFAE   624 0001:0000D00B   625 0001:0000D014   626 0001:0000D027
   627 0001:0000D033   614 0001:0000D034   628 0001:0000D03D   632 0001:0000D053
   634 0001:0000D061   635 0001:0000D06D   636 0001:0000D083   638 0001:0000D09F
   640 0001:0000D0F6   641 0001:0000D102   642 0001:0000D115   643 0001:0000D121
   636 0001:0000D122   644 0001:0000D12B   647 0001:0000D141   649 0001:0000D14D
   653 0001:0000D5F0   654 0001:0000D5F5   655 0001:0000D5FA   656 0001:0000D5FF
   658 0001:0000D62E

Line numbers for yaccsem(yaccsem.pas) segment .text

   122 0001:0000D600   123 0001:0000D61D   126 0001:0000D62C   127 0001:0000D634
   130 0001:0000D66C   131 0001:0000D66D   132 0001:0000D68D   133 0001:0000D6A0
   135 0001:0000D6A4   137 0001:0000D6A8   138 0001:0000D6BC   141 0001:0000D6C0
   142 0001:0000D6C1   143 0001:0000D6E4   144 0001:0000D6F7   146 0001:0000D6FB
   148 0001:0000D6FF   149 0001:0000D712   152 0001:0000D714   153 0001:0000D715
   154 0001:0000D735   157 0001:0000D748   158 0001:0000D767   159 0001:0000D76E
   162 0001:0000D77B   163 0001:0000D782   179 0001:0000D784   180 0001:0000D788
   181 0001:0000D795   182 0001:0000D79B   184 0001:0000D7B1   185 0001:0000D7B9
   186 0001:0000D7C3   189 0001:0000D7C8   190 0001:0000D7D0   191 0001:0000D7DA
   193 0001:0000D7DD   198 0001:0000D7E0   199 0001:0000D7E4   200 0001:0000D7F1
   201 0001:0000D7F7   203 0001:0000D7FC   204 0001:0000D806   206 0001:0000D80C
   208 0001:0000D822   209 0001:0000D82C   212 0001:0000D831   213 0001:0000D839
   214 0001:0000D843   216 0001:0000D846   221 0001:0000D870   222 0001:0000D88D
   223 0001:0000D89B   225 0001:0000D8A1   226 0001:0000D8A5   227 0001:0000D8AF
   230 0001:0000D8B7   231 0001:0000D8C1   233 0001:0000D8CB   235 0001:0000D8E1
   237 0001:0000D8E5   238 0001:0000D8EC   241 0001:0000D8F1   242 0001:0000D8F9
   243 0001:0000D903   246 0001:0000D908   248 0001:0000D90C   249 0001:0000D913
   252 0001:0000D918   253 0001:0000D920   254 0001:0000D92A   255 0001:0000D979
   257 0001:0000D97C   263 0001:0000DA18   264 0001:0000DA3E   267 0001:0000DA45
   268 0001:0000DA5B   269 0001:0000DA5D   271 0001:0000DA6C   273 0001:0000DA70
   274 0001:0000DAB2   276 0001:0000DAB4   265 0001:0000DACB   278 0001:0000DADF
   284 0001:0000DB38   285 0001:0000DB4F   291 0001:0000DB5C   300 0001:0000DB6A
   301 0001:0000DB79   303 0001:0000DB92   305 0001:0000DBAB   306 0001:0000DBC4
   308 0001:0000DBD5   309 0001:0000DBFA   310 0001:0000DC33   306 0001:0000DC34
   311 0001:0000DC37   314 0001:0000DC52   316 0001:0000DC6B   321 0001:0000DDE8
   322 0001:0000DDE9   324 0001:0000DDED   326 0001:0000DDF6   327 0001:0000DE05
   329 0001:0000DE0C   331 0001:0000DE15   332 0001:0000DE2B   333 0001:0000DE2E
   335 0001:0000DE35   338 0001:0000DE4B   339 0001:0000DE66   323 0001:0000DE6B
   341 0001:0000DE78   346 0001:0000DE7C   347 0001:0000DE7D   350 0001:0000DE81
   349 0001:0000DE86   351 0001:0000DE99   353 0001:0000DEA6   355 0001:0000DEAB
   357 0001:0000DEC6   359 0001:0000DECF   360 0001:0000DEDE   362 0001:0000DEE5
   364 0001:0000DEEE   365 0001:0000DF04   366 0001:0000DF07   368 0001:0000DF0E
   370 0001:0000DF17   371 0001:0000DF1E   374 0001:0000DF20   375 0001:0000DF3B
   356 0001:0000DF40   377 0001:0000DF4D   385 0001:0000DF6C   386 0001:0000DF8C
   387 0001:0000DF95   388 0001:0000DF9A   391 0001:0000DFA7   392 0001:0000DFAC
   395 0001:0000DFB6   396 0001:0000DFD0   393 0001:0000DFD5   398 0001:0000DFF0
   400 0001:0000DFF9   402 0001:0000E005   403 0001:0000E019   405 0001:0000E023
   408 0001:0000E02A   411 0001:0000E036   412 0001:0000E03E   413 0001:0000E047
   416 0001:0000E054   418 0001:0000E06D   420 0001:0000E07D   421 0001:0000E095
   423 0001:0000E0B6   424 0001:0000E0C1   426 0001:0000E0CB   427 0001:0000E0D1
   428 0001:0000E0F8   432 0001:0000E102   434 0001:0000E10B   435 0001:0000E118
   438 0001:0000E11F   441 0001:0000E129   442 0001:0000E143   439 0001:0000E148
   444 0001:0000E15A   446 0001:0000E164   447 0001:0000E171   448 0001:0000E17B
   450 0001:0000E189   452 0001:0000E1C6   454 0001:0000E1DA   456 0001:0000E1DE
   457 0001:0000E1F3   459 0001:0000E1FF   460 0001:0000E219   462 0001:0000E23A
   463 0001:0000E24F   465 0001:0000E259   466 0001:0000E25F   469 0001:0000E288
   470 0001:0000E29C   473 0001:0000E2A8   476 0001:0000E2B4   478 0001:0000E2BE
   483 0001:0000E3AC   484 0001:0000E3CC   486 0001:0000E3D0   485 0001:0000E3D5
   487 0001:0000E3DE   489 0001:0000E42D   491 0001:0000E455   493 0001:0000E45E
   494 0001:0000E46A   496 0001:0000E471   495 0001:0000E476   497 0001:0000E47F
   499 0001:0000E4A4   501 0001:0000E4AD   502 0001:0000E4C0   503 0001:0000E4C3
   505 0001:0000E4CA   507 0001:0000E4D7   508 0001:0000E4E3   510 0001:0000E4E5
   511 0001:0000E4F2   513 0001:0000E4F9   514 0001:0000E511   490 0001:0000E516
   516 0001:0000E523   521 0001:0000E57C   522 0001:0000E599   524 0001:0000E59D
   523 0001:0000E5A2   525 0001:0000E5AB   527 0001:0000E5D3   529 0001:0000E5DC
   530 0001:0000E5E8   532 0001:0000E5EF   531 0001:0000E5F4   533 0001:0000E5FD
   535 0001:0000E622   537 0001:0000E62B   538 0001:0000E63E   539 0001:0000E641
   541 0001:0000E648   543 0001:0000E655   544 0001:0000E668   546 0001:0000E66A
   547 0001:0000E677   549 0001:0000E67E   550 0001:0000E696   526 0001:0000E69B
   552 0001:0000E6A8   555 0001:0000E6D0   557 0001:0000E6D2   559 0001:0000E6DB
   560 0001:0000E6EA   563 0001:0000E6F1   564 0001:0000E70C   556 0001:0000E711
   566 0001:0000E71A   569 0001:0000E71C   570 0001:0000E71F   573 0001:0000E729
   574 0001:0000E733   578 0001:0000E73A   579 0001:0000E744   580 0001:0000E74E
   581 0001:0000E75A   583 0001:0000E761   585 0001:0000E770   586 0001:0000E776
   589 0001:0000E778   590 0001:0000E78B   591 0001:0000E792   592 0001:0000E799
   593 0001:0000E7CC   596 0001:0000E800   597 0001:0000E815   599 0001:0000E827
   601 0001:0000E866   602 0001:0000E875   603 0001:0000E88E   610 0001:0000E8F8
   611 0001:0000E925   612 0001:0000E93E   613 0001:0000E944   616 0001:0000E977
   617 0001:0000E984   618 0001:0000E98D   622 0001:0000E995   623 0001:0000E99B
   624 0001:0000E9A4   625 0001:0000E9AE   627 0001:0000E9C0   628 0001:0000E9D0
   629 0001:0000E9F6   630 0001:0000EA0B   631 0001:0000EA47   634 0001:0000EACC
   635 0001:0000EACF   636 0001:0000EAD8   637 0001:0000EADD   640 0001:0000EAE4
   641 0001:0000EAEA   642 0001:0000EAF3   643 0001:0000EAFD   644 0001:0000EB09
   645 0001:0000EB0D   647 0001:0000EB2A   651 0001:0000EB50   652 0001:0000EB59
   653 0001:0000EB5E   654 0001:0000EB65   657 0001:0000EB68   658 0001:0000EB69
   659 0001:0000EB87   663 0001:0000EB8C   664 0001:0000EB96   665 0001:0000EBA0
   667 0001:0000EBAE   668 0001:0000EBC7   669 0001:0000EBCC   670 0001:0000EBD1
   671 0001:0000EBEA   672 0001:0000EBEF   673 0001:0000EC08   674 0001:0000EC0D
   675 0001:0000EC26   676 0001:0000EC2B   677 0001:0000EC44   678 0001:0000EC49
   679 0001:0000EC58   680 0001:0000EC71   682 0001:0000EC76

Line numbers for yaccsem(yaccsem.pas) segment .itext

   684 0002:0000036C   685 0002:00000375   686 0002:0000037C

Line numbers for dyacc(dyacc.dpr) segment .text

    95 0001:0000EE08    97 0001:0000EE0B    99 0001:0000EFC3   102 0001:0000EFF9
   105 0001:0000F02F   108 0001:0000F065   111 0001:0000F09B   115 0001:0000F0D1
   119 0001:0000F0D8   123 0001:0000F0DF   127 0001:0000F0E6   131 0001:0000F0ED
   135 0001:0000F0F4   139 0001:0000F0FB   142 0001:0000F102   146 0001:0000F138
   149 0001:0000F13F   152 0001:0000F175   156 0001:0000F1AB   159 0001:0000F1B7
   163 0001:0000F1ED   167 0001:0000F1F4   171 0001:0000F1FB   174 0001:0000F202
   177 0001:0000F238   181 0001:0000F26E   184 0001:0000F27A   187 0001:0000F2B0
   191 0001:0000F2E6   194 0001:0000F2F2   198 0001:0000F328   199 0001:0000F32D
   200 0001:0000F332   204 0001:0000F339   205 0001:0000F33E   206 0001:0000F343
   209 0001:0000F34A   215 0001:0000F380   221 0001:0000F387   225 0001:0000F38E
   229 0001:0000F39A   233 0001:0000F3D4   237 0001:0000F3E0   240 0001:0000F3E7
   244 0001:0000F41D   247 0001:0000F428   251 0001:0000F45E   254 0001:0000F465
   258 0001:0000F49B   261 0001:0000F4AC   265 0001:0000F4E2   268 0001:0000F4F3
   272 0001:0000F529   275 0001:0000F53A   278 0001:0000F570   281 0001:0000F5A6
   285 0001:0000F5DC   289 0001:0000F5E7   292 0001:0000F646   296 0001:0000F67C
   300 0001:0000F683   304 0001:0000F68A   308 0001:0000F696   312 0001:0000F6A2
   316 0001:0000F6AE   317 0001:0000F6B8   318 0001:0000F710   319 0001:0000F71E
   323 0001:0000F76A   324 0001:0000F79C   325 0001:0000F7A6   326 0001:0000F805
   327 0001:0000F813   331 0001:0000F866   332 0001:0000F898   333 0001:0000F8A2
   334 0001:0000F901   335 0001:0000F90F   339 0001:0000F962   340 0001:0000F994
   341 0001:0000F9A2   342 0001:0000FA2A   343 0001:0000FA38   347 0001:0000FA8B
   348 0001:0000FABD   349 0001:0000FACB   350 0001:0000FB53   351 0001:0000FB61
   354 0001:0000FBB4   358 0001:0000FBEA   362 0001:0000FBF1   366 0001:0000FBF8
   370 0001:0000FC04   374 0001:0000FC10   378 0001:0000FC1C   379 0001:0000FC2A
   383 0001:0000FC89   386 0001:0000FC90   390 0001:0000FCC6   394 0001:0000FCCD
   397 0001:0000FCD4   401 0001:0000FD0A   405 0001:0000FD11   409 0001:0000FD1D
   413 0001:0000FD29   417 0001:0000FD60   421 0001:0000FD67   424 0001:0000FD6E
   428 0001:0000FDA4   432 0001:0000FDAB   438 0001:0000FDB2   442 0001:0000FDE9
   446 0001:0000FE25   450 0001:0000FE61   454 0001:0000FE6D   458 0001:0000FE79
   461 0001:0000FE80   465 0001:0000FEB6   471 0001:0000FEBD   474 0001:0000FEEF
   478 0001:0000FF25   481 0001:0000FF5E   485 0001:0000FF94   488 0001:0000FFCD
   491 0001:00010003   497 0001:00010039   501 0001:0001003E  1990 0001:000100F0
  1991 0001:000100F1  1992 0001:00010106  1993 0001:0001013D  1994 0001:00010152
  1997 0001:00010156  1998 0001:0001016E  2000 0001:00010170  2005 0001:00010174
  2006 0001:00010175  2007 0001:0001018A  2008 0001:000101C1  2009 0001:000101D6
  2012 0001:000101DA  2013 0001:000101F2  2015 0001:000101F4  2061 0001:000101F8
  2065 0001:00010219  2071 0001:00010240  2072 0001:0001024E  2074 0001:0001025A
  2075 0001:00010264  2077 0001:00010269  2081 0001:000102A6  2084 0001:000102C9
  2091 0001:000102F1  2092 0001:0001030B  2096 0001:00010318  2097 0001:00010331
  2098 0001:0001033E  2099 0001:0001034B  2105 0001:00010350  2109 0001:00010364
  2111 0001:0001037D  2113 0001:00010387  2125 0001:00010394  2115 0001:000103A2
  2127 0001:000103E3  2128 0001:000103F0  2129 0001:000103F6  2134 0001:000103FB
  2135 0001:00010409  2142 0001:00010419  2143 0001:00010435  2145 0001:00010452
  2153 0001:00010457  2154 0001:00010475  2155 0001:000104A4  2159 0001:000104F6
  2165 0001:0001050E  2169 0001:00010513  2173 0001:00010517  2175 0001:0001051C
  2182 0001:0001055C  2183 0001:00010560  2184 0001:0001058F  2189 0001:00010594
  2190 0001:000105B5  2191 0001:000105EA  2192 0001:000105EE  2197 0001:0001060B
  2198 0001:00010621  2199 0001:00010630  2195 0001:0001063E  2201 0001:00010650
  2203 0001:00010654  2204 0001:00010677  2207 0001:00010683  2209 0001:0001069E
  2210 0001:000106FC  2212 0001:0001070A  2213 0001:0001072E  2214 0001:00010763
  2216 0001:00010777  2218 0001:000107DD  2219 0001:000107EC  2224 0001:000107F1
  2228 0001:000107F3  2229 0001:0001080D  2211 0001:00010827  2231 0001:00010834
  2236 0001:0001083C  2237 0001:00010875  2238 0001:0001089A  2245 0001:000108A6
  2246 0001:00010916  2239 0001:00010920  2248 0001:000109EF  2249 0001:00010A10
  2250 0001:00010A15  2251 0001:00010A39  2253 0001:00010A40  2254 0001:00010A45
  2260 0001:00010A80  2261 0001:00010AAD  2262 0001:00010AD2  2264 0001:00010AE1
  2265 0001:00010B00  2267 0001:00010B19  2268 0001:00010B23  2271 0001:00010B79
  2272 0001:00010BB0  2276 0001:00010BBF  2277 0001:00010BF6  2281 0001:00010C05
  2282 0001:00010C3C  2286 0001:00010C4B  2287 0001:00010C82  2291 0001:00010C91
  2292 0001:00010CC8  2296 0001:00010CD7  2297 0001:00010D09  2302 0001:00010D15
  2303 0001:00010D62  2298 0001:00010D6C  2305 0001:00010DB1  2309 0001:00010E11
  2310 0001:00010E81  2315 0001:00010E90  2318 0001:00010E9C  2319 0001:00010F0C
  2263 0001:00010F16  2321 0001:00010F46  2322 0001:00010F61  2324 0001:00010F6D
  2325 0001:00010F77  2327 0001:00010F83  2328 0001:00010F8F  2330 0001:00010F96
  2332 0001:00010F9B  2333 0001:00011000  2336 0001:00011007  2337 0001:0001100C
  2343 0001:000110CC  2344 0001:00011105  2345 0001:0001112A  2349 0001:00011136
  2350 0001:000111A6  2346 0001:000111B0  2352 0001:000111F5  2353 0001:00011219
  2354 0001:0001121F  2356 0001:00011226  2357 0001:0001122B  2372 0001:00011264
  2374 0001:00011281  2375 0001:0001128B  2376 0001:0001128F  2378 0001:00011297
  2379 0001:000112B2  2381 0001:000112DF  2382 0001:000112F7  2384 0001:000112F9
  2385 0001:00011322  2387 0001:00011330  2376 0001:0001133C  2389 0001:00011344
  2390 0001:00011348  2394 0001:00011354  2395 0001:0001137A  2396 0001:00011389
  2397 0001:000113B3  2400 0001:0001143F  2401 0001:00011444  2405 0001:00011458
  2406 0001:0001145D  2410 0001:00011471  2411 0001:00011476  2415 0001:0001148A
  2416 0001:0001148F  2420 0001:000114A3  2421 0001:000114A8  2425 0001:000114BC
  2426 0001:000114C1  2430 0001:000114D5  2431 0001:00011506  2436 0001:0001151A
  2437 0001:00011596  2432 0001:000115A5  2439 0001:0001166D  2440 0001:0001167F
  2442 0001:00011684  2444 0001:0001168B  2447 0001:00011692  2448 0001:00011697
  2452 0001:000116C4  2453 0001:000116E8  2454 0001:000116F8  2456 0001:000116FC
  2457 0001:000116FF  2458 0001:00011708  2459 0001:0001170D  2460 0001:0001171D
  2461 0001:00011726  2463 0001:0001172D  2464 0001:00011790  2465 0001:0001179A
  2466 0001:000117A4  2467 0001:000117AE  2469 0001:000117B5  2471 0001:0001180E
  2472 0001:0001181D  2475 0001:00011824  2476 0001:0001182B  2478 0001:00011830
  2479 0001:0001183A  2480 0001:00011853  2492 0001:00011858  2497 0001:0001186D
  2508 0001:0001188F  2509 0001:0001189E  2510 0001:000118B0  2512 0001:000118BA
  2515 0001:000118C3  2516 0001:000118DA  2517 0001:000118EC  2519 0001:000118F6
  2522 0001:000118FF  2523 0001:00011909

Line numbers for dyacc(dyacc.dpr) segment .itext

  2525 0002:00000380  2526 0002:000003B2  2530 0002:000003B4  2534 0002:000003C8
  2536 0002:000003D1  2537 0002:000003E5  2538 0002:000003F9  2541 0002:00000400
  2542 0002:0000040A  2544 0002:00000414  2545 0002:00000428  2546 0002:0000045B
  2547 0002:0000047F  2548 0002:0000048C  2549 0002:000004B0  2550 0002:000004B7
  2551 0002:000004DB  2554 0002:000004E8  2555 0002:00000510  2557 0002:0000051F
  2558 0002:00000529  2559 0002:00000552  2560 0002:0000055C  2563 0002:00000585
  2564 0002:00000599  2565 0002:000005A3  2544 0002:000005A4  2567 0002:000005AB
  2569 0002:000005B5  2570 0002:000005C9  2573 0002:000005D3  2574 0002:000005FE
  2580 0002:0000061F  2581 0002:00000623  2582 0002:00000633  2583 0002:0000063F
  2589 0002:00000650  2590 0002:00000662  2591 0002:00000674  2593 0002:00000686
  2594 0002:000006B6  2595 0002:000006E6  2597 0002:00000716  2601 0002:0000071B
  2603 0002:0000072F  2606 0002:00000756  2607 0002:0000075B  2608 0002:00000779
  2610 0002:00000797  2611 0002:000007A5  2612 0002:000007B3  2614 0002:000007B6
  2616 0002:000007C0  2617 0002:000007CA  2619 0002:000007D6  2621 0002:000007E0
  2625 0002:000007FE  2629 0002:00000826  2630 0002:0000082A  2631 0002:00000836
  2638 0002:00000847  2639 0002:00000851  2643 0002:0000088E  2649 0002:00000981
  2650 0002:0000098B  2651 0002:000009AC  2652 0002:000009B6  2653 0002:000009D7
  2654 0002:000009E1  2657 0002:00000A02  2661 0002:00000A2D  2663 0002:00000A37
  2664 0002:00000A41  2667 0002:00000A48  2668 0002:00000A58  2670 0002:00000A64
  2672 0002:00000A8F  2674 0002:00000AA7

Bound resource files

C:\Users\Gazda\AppData\Local\Temp\dtf9648.tmp


Program entry point at 0002:00000380
